DEBUG: all keys: APPLINKDIR, BINDIR, CMAKECONFIGDIR, ENGINESDIR, INCLUDEDIR, LDLIBS, LIBDIR, MODULESDIR, PKGCONFIGDIR, PREFIX, VERSION, libdir
No value given for CMAKECONFIGDIR
No value given for PKGCONFIGDIR
No value given for libdir
DEBUG: PREFIX = . => PREFIX = /home/runner/workspace/thirdparty/vcpkg/buildtrees/openssl/arm64-android-dbg
DEBUG: libdir = . => libdir = /home/runner/workspace/thirdparty/vcpkg/buildtrees/openssl/arm64-android-dbg
DEBUG: BINDIR = apps => BINDIR = /home/runner/workspace/thirdparty/vcpkg/buildtrees/openssl/arm64-android-dbg/apps, BINDIR_REL_PREFIX = apps
DEBUG: LIBDIR =  => LIBDIR = /home/runner/workspace/thirdparty/vcpkg/buildtrees/openssl/arm64-android-dbg, LIBDIR_REL_PREFIX = 
DEBUG: INCLUDEDIR = [ include, ../src/nssl-3.4.0-821e8e5bdc.clean/include ] => INCLUDEDIR = [ /home/runner/workspace/thirdparty/vcpkg/buildtrees/openssl/arm64-android-dbg/include, /home/runner/workspace/thirdparty/vcpkg/buildtrees/openssl/arm64-android-dbg/../src/nssl-3.4.0-821e8e5bdc.clean/include ], INCLUDEDIR_REL_PREFIX = [ include, ../src/nssl-3.4.0-821e8e5bdc.clean/include ]
DEBUG: APPLINKDIR = ms => APPLINKDIR = /home/runner/workspace/thirdparty/vcpkg/buildtrees/openssl/arm64-android-dbg/ms, APPLINKDIR_REL_PREFIX = ms
DEBUG: ENGINESDIR = engines => ENGINESDIR = /home/runner/workspace/thirdparty/vcpkg/buildtrees/openssl/arm64-android-dbg/engines, ENGINESDIR_REL_LIBDIR = engines
DEBUG: MODULESDIR = providers => MODULESDIR = /home/runner/workspace/thirdparty/vcpkg/buildtrees/openssl/arm64-android-dbg/providers, MODULESDIR_REL_LIBDIR = providers
DEBUG: PKGCONFIGDIR = . => PKGCONFIGDIR = /home/runner/workspace/thirdparty/vcpkg/buildtrees/openssl/arm64-android-dbg, PKGCONFIGDIR_REL_LIBDIR = .
DEBUG: CMAKECONFIGDIR = . => CMAKECONFIGDIR = /home/runner/workspace/thirdparty/vcpkg/buildtrees/openssl/arm64-android-dbg, CMAKECONFIGDIR_REL_LIBDIR = .
DEBUG: all keys: APPLINKDIR, BINDIR, CMAKECONFIGDIR, ENGINESDIR, INCLUDEDIR, LDLIBS, LIBDIR, MODULESDIR, PKGCONFIGDIR, PREFIX, VERSION, libdir
DEBUG: PREFIX = /home/runner/workspace/out/build/android-debug/vcpkg_installed/arm64-android/debug => PREFIX = /home/runner/workspace/out/build/android-debug/vcpkg_installed/arm64-android/debug
DEBUG: libdir = /home/runner/workspace/out/build/android-debug/vcpkg_installed/arm64-android/debug/lib => libdir = /home/runner/workspace/out/build/android-debug/vcpkg_installed/arm64-android/debug/lib
DEBUG: BINDIR = bin => BINDIR = /home/runner/workspace/out/build/android-debug/vcpkg_installed/arm64-android/debug/bin, BINDIR_REL_PREFIX = bin
DEBUG: LIBDIR = lib => LIBDIR = /home/runner/workspace/out/build/android-debug/vcpkg_installed/arm64-android/debug/lib, LIBDIR_REL_PREFIX = lib
DEBUG: INCLUDEDIR = include => INCLUDEDIR = /home/runner/workspace/out/build/android-debug/vcpkg_installed/arm64-android/debug/include, INCLUDEDIR_REL_PREFIX = include
DEBUG: APPLINKDIR = include/openssl => APPLINKDIR = /home/runner/workspace/out/build/android-debug/vcpkg_installed/arm64-android/debug/include/openssl, APPLINKDIR_REL_PREFIX = include/openssl
DEBUG: ENGINESDIR = /home/runner/workspace/out/build/android-debug/vcpkg_installed/arm64-android/debug/lib/engines-3 => ENGINESDIR = /home/runner/workspace/out/build/android-debug/vcpkg_installed/arm64-android/debug/lib/engines-3, ENGINESDIR_REL_LIBDIR = engines-3
DEBUG: MODULESDIR = /home/runner/workspace/out/build/android-debug/vcpkg_installed/arm64-android/debug/lib/ossl-modules => MODULESDIR = /home/runner/workspace/out/build/android-debug/vcpkg_installed/arm64-android/debug/lib/ossl-modules, MODULESDIR_REL_LIBDIR = ossl-modules
DEBUG: PKGCONFIGDIR = /home/runner/workspace/out/build/android-debug/vcpkg_installed/arm64-android/debug/lib/pkgconfig => PKGCONFIGDIR = /home/runner/workspace/out/build/android-debug/vcpkg_installed/arm64-android/debug/lib/pkgconfig, PKGCONFIGDIR_REL_LIBDIR = pkgconfig
DEBUG: CMAKECONFIGDIR = /home/runner/workspace/out/build/android-debug/vcpkg_installed/arm64-android/debug/share/openssl => CMAKECONFIGDIR = /home/runner/workspace/out/build/android-debug/vcpkg_installed/arm64-android/debug/share/openssl, CMAKECONFIGDIR_REL_LIBDIR = ../share/openssl
gcc: error: unrecognized command-line option '-fno-limit-debug-info'
gcc: error: unrecognized command-line option '-fno-limit-debug-info'
gcc: error: unrecognized command-line option '--target=aarch64-none-linux-android28'
make[1]: *** [Makefile:5520: crypto/aes/libcrypto-lib-aes_cbc.o] Error 1
make[1]: *** Waiting for unfinished jobs....
gcc: error: unrecognized command-line option '-fno-limit-debug-info'
gcc: error: unrecognized command-line option '--target=aarch64-none-linux-android28'
make[1]: *** [Makefile:5528: crypto/aes/libcrypto-lib-aes_cfb.o] Error 1
gcc: error: unrecognized command-line option '--target=aarch64-none-linux-android28'
make[1]: *** [Makefile:5536: crypto/aes/libcrypto-lib-aes_core.o] Error 1
make: *** [Makefile:2370: build_sw] Error 2
