/usr/bin/perl ../src/nssl-3.4.0-821e8e5bdc.clean/util/mkinstallvars.pl PREFIX=. BINDIR=apps APPLINKDIR=ms LIBDIR= INCLUDEDIR=include "INCLUDEDIR=../src/nssl-3.4.0-821e8e5bdc.clean/include" ENGINESDIR=engines MODULESDIR=providers "VERSION=3.4.0" "LDLIBS=-ldl -pthread " > builddata.pm
/usr/bin/perl "-I." "-I../src/nssl-3.4.0-821e8e5bdc.clean/util/perl" "-Mconfigdata" "-MOpenSSL::paramnames" "../src/nssl-3.4.0-821e8e5bdc.clean/util/dofile.pl" "-oMakefile" ../src/nssl-3.4.0-821e8e5bdc.clean/crypto/params_idx.c.in > crypto/params_idx.c
/usr/bin/perl ../src/nssl-3.4.0-821e8e5bdc.clean/util/mkinstallvars.pl "PREFIX=/home/runner/workspace/out/build/android-debug/vcpkg_installed/arm64-android/debug" BINDIR=bin "LIBDIR=lib" "libdir=/home/runner/workspace/out/build/android-debug/vcpkg_installed/arm64-android/debug/lib" INCLUDEDIR=include APPLINKDIR=include/openssl "ENGINESDIR=/home/runner/workspace/out/build/android-debug/vcpkg_installed/arm64-android/debug/lib/engines-3" "MODULESDIR=/home/runner/workspace/out/build/android-debug/vcpkg_installed/arm64-android/debug/lib/ossl-modules" "PKGCONFIGDIR=/home/runner/workspace/out/build/android-debug/vcpkg_installed/arm64-android/debug/lib/pkgconfig" "CMAKECONFIGDIR=/home/runner/workspace/out/build/android-debug/vcpkg_installed/arm64-android/debug/share/openssl" "LDLIBS=-ldl -pthread " "VERSION=3.4.0" > installdata.pm
/usr/bin/perl "-I." "-Mconfigdata" "../src/nssl-3.4.0-821e8e5bdc.clean/util/dofile.pl" "-oMakefile" ../src/nssl-3.4.0-821e8e5bdc.clean/include/crypto/bn_conf.h.in > include/crypto/bn_conf.h
/usr/bin/perl "-I." "-Mconfigdata" "../src/nssl-3.4.0-821e8e5bdc.clean/util/dofile.pl" "-oMakefile" ../src/nssl-3.4.0-821e8e5bdc.clean/include/crypto/dso_conf.h.in > include/crypto/dso_conf.h
/usr/bin/perl "-I." "-I../src/nssl-3.4.0-821e8e5bdc.clean/util/perl" "-Mconfigdata" "-MOpenSSL::paramnames" "../src/nssl-3.4.0-821e8e5bdc.clean/util/dofile.pl" "-oMakefile" ../src/nssl-3.4.0-821e8e5bdc.clean/include/internal/param_names.h.in > include/internal/param_names.h
/usr/bin/perl "-I." "-Mconfigdata" "../src/nssl-3.4.0-821e8e5bdc.clean/util/dofile.pl" "-oMakefile" ../src/nssl-3.4.0-821e8e5bdc.clean/include/openssl/asn1.h.in > include/openssl/asn1.h
/usr/bin/perl "-I." "-Mconfigdata" "../src/nssl-3.4.0-821e8e5bdc.clean/util/dofile.pl" "-oMakefile" ../src/nssl-3.4.0-821e8e5bdc.clean/include/openssl/asn1t.h.in > include/openssl/asn1t.h
/usr/bin/perl "-I." "-Mconfigdata" "../src/nssl-3.4.0-821e8e5bdc.clean/util/dofile.pl" "-oMakefile" ../src/nssl-3.4.0-821e8e5bdc.clean/include/openssl/bio.h.in > include/openssl/bio.h
/usr/bin/perl "-I." "-Mconfigdata" "../src/nssl-3.4.0-821e8e5bdc.clean/util/dofile.pl" "-oMakefile" ../src/nssl-3.4.0-821e8e5bdc.clean/include/openssl/cmp.h.in > include/openssl/cmp.h
/usr/bin/perl "-I." "-Mconfigdata" "../src/nssl-3.4.0-821e8e5bdc.clean/util/dofile.pl" "-oMakefile" ../src/nssl-3.4.0-821e8e5bdc.clean/include/openssl/cms.h.in > include/openssl/cms.h
/usr/bin/perl "-I." "-Mconfigdata" "../src/nssl-3.4.0-821e8e5bdc.clean/util/dofile.pl" "-oMakefile" ../src/nssl-3.4.0-821e8e5bdc.clean/include/openssl/comp.h.in > include/openssl/comp.h
/usr/bin/perl "-I." "-Mconfigdata" "../src/nssl-3.4.0-821e8e5bdc.clean/util/dofile.pl" "-oMakefile" ../src/nssl-3.4.0-821e8e5bdc.clean/include/openssl/conf.h.in > include/openssl/conf.h
/usr/bin/perl "-I." "-I../src/nssl-3.4.0-821e8e5bdc.clean/util/perl" "-Mconfigdata" "-MOpenSSL::paramnames" "../src/nssl-3.4.0-821e8e5bdc.clean/util/dofile.pl" "-oMakefile" ../src/nssl-3.4.0-821e8e5bdc.clean/include/openssl/core_names.h.in > include/openssl/core_names.h
/usr/bin/perl "-I." "-Mconfigdata" "../src/nssl-3.4.0-821e8e5bdc.clean/util/dofile.pl" "-oMakefile" ../src/nssl-3.4.0-821e8e5bdc.clean/include/openssl/crmf.h.in > include/openssl/crmf.h
/usr/bin/perl "-I." "-Mconfigdata" "../src/nssl-3.4.0-821e8e5bdc.clean/util/dofile.pl" "-oMakefile" ../src/nssl-3.4.0-821e8e5bdc.clean/include/openssl/crypto.h.in > include/openssl/crypto.h
/usr/bin/perl "-I." "-Mconfigdata" "../src/nssl-3.4.0-821e8e5bdc.clean/util/dofile.pl" "-oMakefile" ../src/nssl-3.4.0-821e8e5bdc.clean/include/openssl/ct.h.in > include/openssl/ct.h
/usr/bin/perl "-I." "-Mconfigdata" "../src/nssl-3.4.0-821e8e5bdc.clean/util/dofile.pl" "-oMakefile" ../src/nssl-3.4.0-821e8e5bdc.clean/include/openssl/err.h.in > include/openssl/err.h
/usr/bin/perl "-I." "-Mconfigdata" "../src/nssl-3.4.0-821e8e5bdc.clean/util/dofile.pl" "-oMakefile" ../src/nssl-3.4.0-821e8e5bdc.clean/include/openssl/ess.h.in > include/openssl/ess.h
/usr/bin/perl "-I." "-Mconfigdata" "../src/nssl-3.4.0-821e8e5bdc.clean/util/dofile.pl" "-oMakefile" ../src/nssl-3.4.0-821e8e5bdc.clean/include/openssl/fipskey.h.in > include/openssl/fipskey.h
/usr/bin/perl "-I." "-Mconfigdata" "../src/nssl-3.4.0-821e8e5bdc.clean/util/dofile.pl" "-oMakefile" ../src/nssl-3.4.0-821e8e5bdc.clean/include/openssl/lhash.h.in > include/openssl/lhash.h
/usr/bin/perl "-I." "-Mconfigdata" "../src/nssl-3.4.0-821e8e5bdc.clean/util/dofile.pl" "-oMakefile" ../src/nssl-3.4.0-821e8e5bdc.clean/include/openssl/ocsp.h.in > include/openssl/ocsp.h
/usr/bin/perl "-I." "-Mconfigdata" "../src/nssl-3.4.0-821e8e5bdc.clean/util/dofile.pl" "-oMakefile" ../src/nssl-3.4.0-821e8e5bdc.clean/include/openssl/opensslv.h.in > include/openssl/opensslv.h
/usr/bin/perl "-I." "-Mconfigdata" "../src/nssl-3.4.0-821e8e5bdc.clean/util/dofile.pl" "-oMakefile" ../src/nssl-3.4.0-821e8e5bdc.clean/include/openssl/pkcs12.h.in > include/openssl/pkcs12.h
/usr/bin/perl "-I." "-Mconfigdata" "../src/nssl-3.4.0-821e8e5bdc.clean/util/dofile.pl" "-oMakefile" ../src/nssl-3.4.0-821e8e5bdc.clean/include/openssl/pkcs7.h.in > include/openssl/pkcs7.h
/usr/bin/perl "-I." "-Mconfigdata" "../src/nssl-3.4.0-821e8e5bdc.clean/util/dofile.pl" "-oMakefile" ../src/nssl-3.4.0-821e8e5bdc.clean/include/openssl/safestack.h.in > include/openssl/safestack.h
/usr/bin/perl "-I." "-Mconfigdata" "../src/nssl-3.4.0-821e8e5bdc.clean/util/dofile.pl" "-oMakefile" ../src/nssl-3.4.0-821e8e5bdc.clean/include/openssl/srp.h.in > include/openssl/srp.h
/usr/bin/perl "-I." "-Mconfigdata" "../src/nssl-3.4.0-821e8e5bdc.clean/util/dofile.pl" "-oMakefile" ../src/nssl-3.4.0-821e8e5bdc.clean/include/openssl/ssl.h.in > include/openssl/ssl.h
/usr/bin/perl "-I." "-Mconfigdata" "../src/nssl-3.4.0-821e8e5bdc.clean/util/dofile.pl" "-oMakefile" ../src/nssl-3.4.0-821e8e5bdc.clean/include/openssl/ui.h.in > include/openssl/ui.h
/usr/bin/perl "-I." "-Mconfigdata" "../src/nssl-3.4.0-821e8e5bdc.clean/util/dofile.pl" "-oMakefile" ../src/nssl-3.4.0-821e8e5bdc.clean/include/openssl/x509.h.in > include/openssl/x509.h
/usr/bin/perl "-I." "-Mconfigdata" "../src/nssl-3.4.0-821e8e5bdc.clean/util/dofile.pl" "-oMakefile" ../src/nssl-3.4.0-821e8e5bdc.clean/include/openssl/x509_acert.h.in > include/openssl/x509_acert.h
/usr/bin/perl "-I." "-Mconfigdata" "../src/nssl-3.4.0-821e8e5bdc.clean/util/dofile.pl" "-oMakefile" ../src/nssl-3.4.0-821e8e5bdc.clean/include/openssl/x509_vfy.h.in > include/openssl/x509_vfy.h
/usr/bin/perl "-I." "-Mconfigdata" "../src/nssl-3.4.0-821e8e5bdc.clean/util/dofile.pl" "-oMakefile" ../src/nssl-3.4.0-821e8e5bdc.clean/include/openssl/x509v3.h.in > include/openssl/x509v3.h
/usr/bin/perl "-I." "-Mconfigdata" "-Mbuilddata" "../src/nssl-3.4.0-821e8e5bdc.clean/util/dofile.pl" "-oMakefile" ../src/nssl-3.4.0-821e8e5bdc.clean/exporters/pkg-config/libcrypto.pc.in > libcrypto.pc
/usr/bin/perl "-I." "-Mconfigdata" "-Mbuilddata" "../src/nssl-3.4.0-821e8e5bdc.clean/util/dofile.pl" "-oMakefile" ../src/nssl-3.4.0-821e8e5bdc.clean/exporters/pkg-config/libssl.pc.in > libssl.pc
/usr/bin/perl "-I." "-Mconfigdata" "-Mbuilddata" "../src/nssl-3.4.0-821e8e5bdc.clean/util/dofile.pl" "-oMakefile" ../src/nssl-3.4.0-821e8e5bdc.clean/exporters/cmake/OpenSSLConfig.cmake.in > OpenSSLConfig.cmake
/usr/bin/perl "-I." "-Mconfigdata" "-Minstalldata" "../src/nssl-3.4.0-821e8e5bdc.clean/util/dofile.pl" "-oMakefile" ../src/nssl-3.4.0-821e8e5bdc.clean/exporters/cmake/OpenSSLConfig.cmake.in > exporters/OpenSSLConfig.cmake
/usr/bin/perl "-I." "-Mconfigdata" "-Minstalldata" "../src/nssl-3.4.0-821e8e5bdc.clean/util/dofile.pl" "-oMakefile" ../src/nssl-3.4.0-821e8e5bdc.clean/exporters/pkg-config/libcrypto.pc.in > exporters/libcrypto.pc
/usr/bin/perl "-I." "-Mconfigdata" "-Minstalldata" "../src/nssl-3.4.0-821e8e5bdc.clean/util/dofile.pl" "-oMakefile" ../src/nssl-3.4.0-821e8e5bdc.clean/exporters/pkg-config/libssl.pc.in > exporters/libssl.pc
/usr/bin/perl "-I." "-Mconfigdata" "-Mbuilddata" "-Mbuilddata" "-Mbuilddata" "../src/nssl-3.4.0-821e8e5bdc.clean/util/dofile.pl" "-oMakefile" ../src/nssl-3.4.0-821e8e5bdc.clean/exporters/pkg-config/openssl.pc.in > openssl.pc
/usr/bin/perl "-I." "-Mconfigdata" "-Mconfigdata" "-Mbuilddata" "../src/nssl-3.4.0-821e8e5bdc.clean/util/dofile.pl" "-oMakefile" ../src/nssl-3.4.0-821e8e5bdc.clean/exporters/cmake/OpenSSLConfigVersion.cmake.in > OpenSSLConfigVersion.cmake
/usr/bin/perl "-I." "-Mconfigdata" "-Mconfigdata" "-Minstalldata" "../src/nssl-3.4.0-821e8e5bdc.clean/util/dofile.pl" "-oMakefile" ../src/nssl-3.4.0-821e8e5bdc.clean/exporters/cmake/OpenSSLConfigVersion.cmake.in > exporters/OpenSSLConfigVersion.cmake
/usr/bin/perl "-I." "-Mconfigdata" "-Mconfigdata" "-Mconfigdata" "-Minstalldata" "../src/nssl-3.4.0-821e8e5bdc.clean/util/dofile.pl" "-oMakefile" ../src/nssl-3.4.0-821e8e5bdc.clean/exporters/pkg-config/openssl.pc.in > exporters/openssl.pc
"/nix/store/8dl5ryfna3hjqhvnkw7srm6wnka6agxl-gnumake-4.4.1/bin/make" depend && "/nix/store/8dl5ryfna3hjqhvnkw7srm6wnka6agxl-gnumake-4.4.1/bin/make" _build_sw
make[1]: Entering directory '/home/runner/workspace/thirdparty/vcpkg/buildtrees/openssl/arm64-android-dbg'
make[1]: Leaving directory '/home/runner/workspace/thirdparty/vcpkg/buildtrees/openssl/arm64-android-dbg'
make[1]: Entering directory '/home/runner/workspace/thirdparty/vcpkg/buildtrees/openssl/arm64-android-dbg'
gcc  -I. -Iinclude -Iproviders/common/include -Iproviders/implementations/include -I../src/nssl-3.4.0-821e8e5bdc.clean -I../src/nssl-3.4.0-821e8e5bdc.clean/include -I../src/nssl-3.4.0-821e8e5bdc.clean/providers/common/include -I../src/nssl-3.4.0-821e8e5bdc.clean/providers/implementations/include  -DBSAES_ASM -DECP_NISTZ256_ASM -DECP_SM2P256_ASM -DKECCAK1600_ASM -DMD5_ASM -DOPENSSL_BN_ASM_MONT -DOPENSSL_CPUID_OBJ -DOPENSSL_SM3_ASM -DPOLY1305_ASM -DSHA1_ASM -DSHA256_ASM -DSHA512_ASM -DSM4_ASM -DSTATIC_LEGACY -DVPAES_ASM -DVPSM4_ASM -fPIC -pthread -Wa,--noexecstack -g -fdata-sections -ffunction-sections -funwind-tables -fstack-protector-strong -no-canonical-prefixes -Wformat -Werror=format-security -fPIC -fno-limit-debug-info -DOPENSSL_USE_NODELETE -DOPENSSL_PIC -DOPENSSLDIR="\"/etc/ssl\"" -DENGINESDIR="\"/home/runner/workspace/out/build/android-debug/vcpkg_installed/arm64-android/debug/lib/engines-3\"" -DMODULESDIR="\"/home/runner/workspace/out/build/android-debug/vcpkg_installed/arm64-android/debug/lib/ossl-modules\"" -DOPENSSL_BUILDING_OPENSSL --target=aarch64-none-linux-android28 -DANDROID -D_FORTIFY_SOURCE=2 --sysroot=/home/runner/workspace/.ndk-tools/android-ndk-r27c/toolchains/llvm/prebuilt/linux-x86_64/sysroot -MMD -MF crypto/aes/libcrypto-lib-aes_cbc.d.tmp -c -o crypto/aes/libcrypto-lib-aes_cbc.o ../src/nssl-3.4.0-821e8e5bdc.clean/crypto/aes/aes_cbc.c
gcc  -I. -Iinclude -Iproviders/common/include -Iproviders/implementations/include -I../src/nssl-3.4.0-821e8e5bdc.clean -I../src/nssl-3.4.0-821e8e5bdc.clean/include -I../src/nssl-3.4.0-821e8e5bdc.clean/providers/common/include -I../src/nssl-3.4.0-821e8e5bdc.clean/providers/implementations/include  -DBSAES_ASM -DECP_NISTZ256_ASM -DECP_SM2P256_ASM -DKECCAK1600_ASM -DMD5_ASM -DOPENSSL_BN_ASM_MONT -DOPENSSL_CPUID_OBJ -DOPENSSL_SM3_ASM -DPOLY1305_ASM -DSHA1_ASM -DSHA256_ASM -DSHA512_ASM -DSM4_ASM -DSTATIC_LEGACY -DVPAES_ASM -DVPSM4_ASM -fPIC -pthread -Wa,--noexecstack -g -fdata-sections -ffunction-sections -funwind-tables -fstack-protector-strong -no-canonical-prefixes -Wformat -Werror=format-security -fPIC -fno-limit-debug-info -DOPENSSL_USE_NODELETE -DOPENSSL_PIC -DOPENSSLDIR="\"/etc/ssl\"" -DENGINESDIR="\"/home/runner/workspace/out/build/android-debug/vcpkg_installed/arm64-android/debug/lib/engines-3\"" -DMODULESDIR="\"/home/runner/workspace/out/build/android-debug/vcpkg_installed/arm64-android/debug/lib/ossl-modules\"" -DOPENSSL_BUILDING_OPENSSL --target=aarch64-none-linux-android28 -DANDROID -D_FORTIFY_SOURCE=2 --sysroot=/home/runner/workspace/.ndk-tools/android-ndk-r27c/toolchains/llvm/prebuilt/linux-x86_64/sysroot -MMD -MF crypto/aes/libcrypto-lib-aes_cfb.d.tmp -c -o crypto/aes/libcrypto-lib-aes_cfb.o ../src/nssl-3.4.0-821e8e5bdc.clean/crypto/aes/aes_cfb.c
gcc  -I. -Iinclude -Iproviders/common/include -Iproviders/implementations/include -I../src/nssl-3.4.0-821e8e5bdc.clean -I../src/nssl-3.4.0-821e8e5bdc.clean/include -I../src/nssl-3.4.0-821e8e5bdc.clean/providers/common/include -I../src/nssl-3.4.0-821e8e5bdc.clean/providers/implementations/include  -DBSAES_ASM -DECP_NISTZ256_ASM -DECP_SM2P256_ASM -DKECCAK1600_ASM -DMD5_ASM -DOPENSSL_BN_ASM_MONT -DOPENSSL_CPUID_OBJ -DOPENSSL_SM3_ASM -DPOLY1305_ASM -DSHA1_ASM -DSHA256_ASM -DSHA512_ASM -DSM4_ASM -DSTATIC_LEGACY -DVPAES_ASM -DVPSM4_ASM -fPIC -pthread -Wa,--noexecstack -g -fdata-sections -ffunction-sections -funwind-tables -fstack-protector-strong -no-canonical-prefixes -Wformat -Werror=format-security -fPIC -fno-limit-debug-info -DOPENSSL_USE_NODELETE -DOPENSSL_PIC -DOPENSSLDIR="\"/etc/ssl\"" -DENGINESDIR="\"/home/runner/workspace/out/build/android-debug/vcpkg_installed/arm64-android/debug/lib/engines-3\"" -DMODULESDIR="\"/home/runner/workspace/out/build/android-debug/vcpkg_installed/arm64-android/debug/lib/ossl-modules\"" -DOPENSSL_BUILDING_OPENSSL --target=aarch64-none-linux-android28 -DANDROID -D_FORTIFY_SOURCE=2 --sysroot=/home/runner/workspace/.ndk-tools/android-ndk-r27c/toolchains/llvm/prebuilt/linux-x86_64/sysroot -MMD -MF crypto/aes/libcrypto-lib-aes_core.d.tmp -c -o crypto/aes/libcrypto-lib-aes_core.o ../src/nssl-3.4.0-821e8e5bdc.clean/crypto/aes/aes_core.c
make[1]: Leaving directory '/home/runner/workspace/thirdparty/vcpkg/buildtrees/openssl/arm64-android-dbg'
