-- Configuring x64-linux-rel
-- The C compiler identification is Clang 18.0.3
-- Detecting C compiler ABI info
-- Detecting C compiler ABI info - done
-- Check for working C compiler: /home/runner/workspace/.ndk-tools/android-ndk-r27c/toolchains/llvm/prebuilt/linux-x86_64/bin/aarch64-linux-android28-clang - skipped
-- Detecting C compile features
-- Detecting C compile features - done
-- The CXX compiler identification is Clang 18.0.3
-- Detecting CXX compiler ABI info
-- Detecting CXX compiler ABI info - done
-- Check for working CXX compiler: /home/runner/workspace/.ndk-tools/android-ndk-r27c/toolchains/llvm/prebuilt/linux-x86_64/bin/aarch64-linux-android28-clang++ - skipped
-- Detecting CXX compile features
-- Detecting CXX compile features - done
-- Configuring done (0.9s)
-- Generating done (0.0s)
-- Build files have been written to: /home/runner/workspace/thirdparty/vcpkg/buildtrees/detect_compiler/x64-linux-rel

#COMPILER_HASH#94c6803471dc37f66a2a1b842717517a1869bd0c
#COMPILER_C_HASH#43d1880ccd51d9ef64523e6964495ea32da09ba8
#COMPILER_C_VERSION#18.0.3
#COMPILER_C_ID#Clang
#COMPILER_C_PATH#/home/runner/workspace/.ndk-tools/android-ndk-r27c/toolchains/llvm/prebuilt/linux-x86_64/bin/aarch64-linux-android28-clang
#COMPILER_CXX_HASH#8399b4af6c6b5b3dfa0bf6d810b0f46310b083d0
#COMPILER_CXX_VERSION#18.0.3
#COMPILER_CXX_ID#Clang
#COMPILER_CXX_PATH#/home/runner/workspace/.ndk-tools/android-ndk-r27c/toolchains/llvm/prebuilt/linux-x86_64/bin/aarch64-linux-android28-clang++
CMake Warning:
  Manually-specified variables were not used by the project:

    BUILD_SHARED_LIBS
    CMAKE_INSTALL_BINDIR
    CMAKE_INSTALL_LIBDIR
    VCPKG_PLATFORM_TOOLSET
    VCPKG_SET_CHARSET_FLAG
    _VCPKG_ROOT_DIR



