# CMAKE generated file: DO NOT EDIT!
# Generated by "Ninja" Generator, CMake Version 4.3

# This file contains all the build statements describing the
# compilation DAG.

# =============================================================================
# Write statements declared in CMakeLists.txt:
# 
# Which is the root file.
# =============================================================================

# =============================================================================
# Project: libpng
# Configurations: Release
# =============================================================================

#############################################
# Minimal version of Ninja required by this file

ninja_required_version = 1.5


#############################################
# Set configuration variable for custom commands.

CONFIGURATION = Release
# =============================================================================
# Include auxiliary files.


#############################################
# Include rules file.

include CMakeFiles/rules.ninja

# =============================================================================

#############################################
# Logical path to working directory; prefix for absolute paths.

cmake_ninja_workdir = /home/runner/workspace/thirdparty/vcpkg/buildtrees/libpng/arm64-android-rel/

#############################################
# Utility command for png_genfiles

build png_genfiles: phony

# =============================================================================
# Object build statements for STATIC_LIBRARY target png_static


#############################################
# Order-only phony target for png_static

build cmake_object_order_depends_target_png_static: phony || png_genfiles

build CMakeFiles/png_static.dir/png.c.o: C_COMPILER__png_static_unscanned_Release /home/runner/workspace/thirdparty/vcpkg/buildtrees/libpng/src/v1.6.44-58a090cbad.clean/png.c || cmake_object_order_depends_target_png_static
  CONFIG = Release
  DEFINES = -DPNG_ARM_NEON_OPT=2
  DEP_FILE = CMakeFiles/png_static.dir/png.c.o.d
  FLAGS = -g -DANDROID -fdata-sections -ffunction-sections -funwind-tables -fstack-protector-strong -no-canonical-prefixes -D_FORTIFY_SOURCE=2 -Wformat -Werror=format-security  -fPIC   -O3 -DNDEBUG    -fPIC
  INCLUDES = -I/home/runner/workspace/thirdparty/vcpkg/buildtrees/libpng/src/v1.6.44-58a090cbad.clean -I/home/runner/workspace/thirdparty/vcpkg/buildtrees/libpng/arm64-android-rel -isystem /home/runner/workspace/out/build/android-debug/vcpkg_installed/arm64-android/include
  OBJECT_DIR = CMakeFiles/png_static.dir
  OBJECT_FILE_DIR = CMakeFiles/png_static.dir
  TARGET_COMPILE_PDB = CMakeFiles/png_static.dir/png_static.pdb
  TARGET_PDB = libpng16.pdb
  TARGET_SUPPORT_DIR = CMakeFiles/png_static.dir

build CMakeFiles/png_static.dir/pngerror.c.o: C_COMPILER__png_static_unscanned_Release /home/runner/workspace/thirdparty/vcpkg/buildtrees/libpng/src/v1.6.44-58a090cbad.clean/pngerror.c || cmake_object_order_depends_target_png_static
  CONFIG = Release
  DEFINES = -DPNG_ARM_NEON_OPT=2
  DEP_FILE = CMakeFiles/png_static.dir/pngerror.c.o.d
  FLAGS = -g -DANDROID -fdata-sections -ffunction-sections -funwind-tables -fstack-protector-strong -no-canonical-prefixes -D_FORTIFY_SOURCE=2 -Wformat -Werror=format-security  -fPIC   -O3 -DNDEBUG    -fPIC
  INCLUDES = -I/home/runner/workspace/thirdparty/vcpkg/buildtrees/libpng/src/v1.6.44-58a090cbad.clean -I/home/runner/workspace/thirdparty/vcpkg/buildtrees/libpng/arm64-android-rel -isystem /home/runner/workspace/out/build/android-debug/vcpkg_installed/arm64-android/include
  OBJECT_DIR = CMakeFiles/png_static.dir
  OBJECT_FILE_DIR = CMakeFiles/png_static.dir
  TARGET_COMPILE_PDB = CMakeFiles/png_static.dir/png_static.pdb
  TARGET_PDB = libpng16.pdb
  TARGET_SUPPORT_DIR = CMakeFiles/png_static.dir

build CMakeFiles/png_static.dir/pngget.c.o: C_COMPILER__png_static_unscanned_Release /home/runner/workspace/thirdparty/vcpkg/buildtrees/libpng/src/v1.6.44-58a090cbad.clean/pngget.c || cmake_object_order_depends_target_png_static
  CONFIG = Release
  DEFINES = -DPNG_ARM_NEON_OPT=2
  DEP_FILE = CMakeFiles/png_static.dir/pngget.c.o.d
  FLAGS = -g -DANDROID -fdata-sections -ffunction-sections -funwind-tables -fstack-protector-strong -no-canonical-prefixes -D_FORTIFY_SOURCE=2 -Wformat -Werror=format-security  -fPIC   -O3 -DNDEBUG    -fPIC
  INCLUDES = -I/home/runner/workspace/thirdparty/vcpkg/buildtrees/libpng/src/v1.6.44-58a090cbad.clean -I/home/runner/workspace/thirdparty/vcpkg/buildtrees/libpng/arm64-android-rel -isystem /home/runner/workspace/out/build/android-debug/vcpkg_installed/arm64-android/include
  OBJECT_DIR = CMakeFiles/png_static.dir
  OBJECT_FILE_DIR = CMakeFiles/png_static.dir
  TARGET_COMPILE_PDB = CMakeFiles/png_static.dir/png_static.pdb
  TARGET_PDB = libpng16.pdb
  TARGET_SUPPORT_DIR = CMakeFiles/png_static.dir

build CMakeFiles/png_static.dir/pngmem.c.o: C_COMPILER__png_static_unscanned_Release /home/runner/workspace/thirdparty/vcpkg/buildtrees/libpng/src/v1.6.44-58a090cbad.clean/pngmem.c || cmake_object_order_depends_target_png_static
  CONFIG = Release
  DEFINES = -DPNG_ARM_NEON_OPT=2
  DEP_FILE = CMakeFiles/png_static.dir/pngmem.c.o.d
  FLAGS = -g -DANDROID -fdata-sections -ffunction-sections -funwind-tables -fstack-protector-strong -no-canonical-prefixes -D_FORTIFY_SOURCE=2 -Wformat -Werror=format-security  -fPIC   -O3 -DNDEBUG    -fPIC
  INCLUDES = -I/home/runner/workspace/thirdparty/vcpkg/buildtrees/libpng/src/v1.6.44-58a090cbad.clean -I/home/runner/workspace/thirdparty/vcpkg/buildtrees/libpng/arm64-android-rel -isystem /home/runner/workspace/out/build/android-debug/vcpkg_installed/arm64-android/include
  OBJECT_DIR = CMakeFiles/png_static.dir
  OBJECT_FILE_DIR = CMakeFiles/png_static.dir
  TARGET_COMPILE_PDB = CMakeFiles/png_static.dir/png_static.pdb
  TARGET_PDB = libpng16.pdb
  TARGET_SUPPORT_DIR = CMakeFiles/png_static.dir

build CMakeFiles/png_static.dir/pngpread.c.o: C_COMPILER__png_static_unscanned_Release /home/runner/workspace/thirdparty/vcpkg/buildtrees/libpng/src/v1.6.44-58a090cbad.clean/pngpread.c || cmake_object_order_depends_target_png_static
  CONFIG = Release
  DEFINES = -DPNG_ARM_NEON_OPT=2
  DEP_FILE = CMakeFiles/png_static.dir/pngpread.c.o.d
  FLAGS = -g -DANDROID -fdata-sections -ffunction-sections -funwind-tables -fstack-protector-strong -no-canonical-prefixes -D_FORTIFY_SOURCE=2 -Wformat -Werror=format-security  -fPIC   -O3 -DNDEBUG    -fPIC
  INCLUDES = -I/home/runner/workspace/thirdparty/vcpkg/buildtrees/libpng/src/v1.6.44-58a090cbad.clean -I/home/runner/workspace/thirdparty/vcpkg/buildtrees/libpng/arm64-android-rel -isystem /home/runner/workspace/out/build/android-debug/vcpkg_installed/arm64-android/include
  OBJECT_DIR = CMakeFiles/png_static.dir
  OBJECT_FILE_DIR = CMakeFiles/png_static.dir
  TARGET_COMPILE_PDB = CMakeFiles/png_static.dir/png_static.pdb
  TARGET_PDB = libpng16.pdb
  TARGET_SUPPORT_DIR = CMakeFiles/png_static.dir

build CMakeFiles/png_static.dir/pngread.c.o: C_COMPILER__png_static_unscanned_Release /home/runner/workspace/thirdparty/vcpkg/buildtrees/libpng/src/v1.6.44-58a090cbad.clean/pngread.c || cmake_object_order_depends_target_png_static
  CONFIG = Release
  DEFINES = -DPNG_ARM_NEON_OPT=2
  DEP_FILE = CMakeFiles/png_static.dir/pngread.c.o.d
  FLAGS = -g -DANDROID -fdata-sections -ffunction-sections -funwind-tables -fstack-protector-strong -no-canonical-prefixes -D_FORTIFY_SOURCE=2 -Wformat -Werror=format-security  -fPIC   -O3 -DNDEBUG    -fPIC
  INCLUDES = -I/home/runner/workspace/thirdparty/vcpkg/buildtrees/libpng/src/v1.6.44-58a090cbad.clean -I/home/runner/workspace/thirdparty/vcpkg/buildtrees/libpng/arm64-android-rel -isystem /home/runner/workspace/out/build/android-debug/vcpkg_installed/arm64-android/include
  OBJECT_DIR = CMakeFiles/png_static.dir
  OBJECT_FILE_DIR = CMakeFiles/png_static.dir
  TARGET_COMPILE_PDB = CMakeFiles/png_static.dir/png_static.pdb
  TARGET_PDB = libpng16.pdb
  TARGET_SUPPORT_DIR = CMakeFiles/png_static.dir

build CMakeFiles/png_static.dir/pngrio.c.o: C_COMPILER__png_static_unscanned_Release /home/runner/workspace/thirdparty/vcpkg/buildtrees/libpng/src/v1.6.44-58a090cbad.clean/pngrio.c || cmake_object_order_depends_target_png_static
  CONFIG = Release
  DEFINES = -DPNG_ARM_NEON_OPT=2
  DEP_FILE = CMakeFiles/png_static.dir/pngrio.c.o.d
  FLAGS = -g -DANDROID -fdata-sections -ffunction-sections -funwind-tables -fstack-protector-strong -no-canonical-prefixes -D_FORTIFY_SOURCE=2 -Wformat -Werror=format-security  -fPIC   -O3 -DNDEBUG    -fPIC
  INCLUDES = -I/home/runner/workspace/thirdparty/vcpkg/buildtrees/libpng/src/v1.6.44-58a090cbad.clean -I/home/runner/workspace/thirdparty/vcpkg/buildtrees/libpng/arm64-android-rel -isystem /home/runner/workspace/out/build/android-debug/vcpkg_installed/arm64-android/include
  OBJECT_DIR = CMakeFiles/png_static.dir
  OBJECT_FILE_DIR = CMakeFiles/png_static.dir
  TARGET_COMPILE_PDB = CMakeFiles/png_static.dir/png_static.pdb
  TARGET_PDB = libpng16.pdb
  TARGET_SUPPORT_DIR = CMakeFiles/png_static.dir

build CMakeFiles/png_static.dir/pngrtran.c.o: C_COMPILER__png_static_unscanned_Release /home/runner/workspace/thirdparty/vcpkg/buildtrees/libpng/src/v1.6.44-58a090cbad.clean/pngrtran.c || cmake_object_order_depends_target_png_static
  CONFIG = Release
  DEFINES = -DPNG_ARM_NEON_OPT=2
  DEP_FILE = CMakeFiles/png_static.dir/pngrtran.c.o.d
  FLAGS = -g -DANDROID -fdata-sections -ffunction-sections -funwind-tables -fstack-protector-strong -no-canonical-prefixes -D_FORTIFY_SOURCE=2 -Wformat -Werror=format-security  -fPIC   -O3 -DNDEBUG    -fPIC
  INCLUDES = -I/home/runner/workspace/thirdparty/vcpkg/buildtrees/libpng/src/v1.6.44-58a090cbad.clean -I/home/runner/workspace/thirdparty/vcpkg/buildtrees/libpng/arm64-android-rel -isystem /home/runner/workspace/out/build/android-debug/vcpkg_installed/arm64-android/include
  OBJECT_DIR = CMakeFiles/png_static.dir
  OBJECT_FILE_DIR = CMakeFiles/png_static.dir
  TARGET_COMPILE_PDB = CMakeFiles/png_static.dir/png_static.pdb
  TARGET_PDB = libpng16.pdb
  TARGET_SUPPORT_DIR = CMakeFiles/png_static.dir

build CMakeFiles/png_static.dir/pngrutil.c.o: C_COMPILER__png_static_unscanned_Release /home/runner/workspace/thirdparty/vcpkg/buildtrees/libpng/src/v1.6.44-58a090cbad.clean/pngrutil.c || cmake_object_order_depends_target_png_static
  CONFIG = Release
  DEFINES = -DPNG_ARM_NEON_OPT=2
  DEP_FILE = CMakeFiles/png_static.dir/pngrutil.c.o.d
  FLAGS = -g -DANDROID -fdata-sections -ffunction-sections -funwind-tables -fstack-protector-strong -no-canonical-prefixes -D_FORTIFY_SOURCE=2 -Wformat -Werror=format-security  -fPIC   -O3 -DNDEBUG    -fPIC
  INCLUDES = -I/home/runner/workspace/thirdparty/vcpkg/buildtrees/libpng/src/v1.6.44-58a090cbad.clean -I/home/runner/workspace/thirdparty/vcpkg/buildtrees/libpng/arm64-android-rel -isystem /home/runner/workspace/out/build/android-debug/vcpkg_installed/arm64-android/include
  OBJECT_DIR = CMakeFiles/png_static.dir
  OBJECT_FILE_DIR = CMakeFiles/png_static.dir
  TARGET_COMPILE_PDB = CMakeFiles/png_static.dir/png_static.pdb
  TARGET_PDB = libpng16.pdb
  TARGET_SUPPORT_DIR = CMakeFiles/png_static.dir

build CMakeFiles/png_static.dir/pngset.c.o: C_COMPILER__png_static_unscanned_Release /home/runner/workspace/thirdparty/vcpkg/buildtrees/libpng/src/v1.6.44-58a090cbad.clean/pngset.c || cmake_object_order_depends_target_png_static
  CONFIG = Release
  DEFINES = -DPNG_ARM_NEON_OPT=2
  DEP_FILE = CMakeFiles/png_static.dir/pngset.c.o.d
  FLAGS = -g -DANDROID -fdata-sections -ffunction-sections -funwind-tables -fstack-protector-strong -no-canonical-prefixes -D_FORTIFY_SOURCE=2 -Wformat -Werror=format-security  -fPIC   -O3 -DNDEBUG    -fPIC
  INCLUDES = -I/home/runner/workspace/thirdparty/vcpkg/buildtrees/libpng/src/v1.6.44-58a090cbad.clean -I/home/runner/workspace/thirdparty/vcpkg/buildtrees/libpng/arm64-android-rel -isystem /home/runner/workspace/out/build/android-debug/vcpkg_installed/arm64-android/include
  OBJECT_DIR = CMakeFiles/png_static.dir
  OBJECT_FILE_DIR = CMakeFiles/png_static.dir
  TARGET_COMPILE_PDB = CMakeFiles/png_static.dir/png_static.pdb
  TARGET_PDB = libpng16.pdb
  TARGET_SUPPORT_DIR = CMakeFiles/png_static.dir

build CMakeFiles/png_static.dir/pngtrans.c.o: C_COMPILER__png_static_unscanned_Release /home/runner/workspace/thirdparty/vcpkg/buildtrees/libpng/src/v1.6.44-58a090cbad.clean/pngtrans.c || cmake_object_order_depends_target_png_static
  CONFIG = Release
  DEFINES = -DPNG_ARM_NEON_OPT=2
  DEP_FILE = CMakeFiles/png_static.dir/pngtrans.c.o.d
  FLAGS = -g -DANDROID -fdata-sections -ffunction-sections -funwind-tables -fstack-protector-strong -no-canonical-prefixes -D_FORTIFY_SOURCE=2 -Wformat -Werror=format-security  -fPIC   -O3 -DNDEBUG    -fPIC
  INCLUDES = -I/home/runner/workspace/thirdparty/vcpkg/buildtrees/libpng/src/v1.6.44-58a090cbad.clean -I/home/runner/workspace/thirdparty/vcpkg/buildtrees/libpng/arm64-android-rel -isystem /home/runner/workspace/out/build/android-debug/vcpkg_installed/arm64-android/include
  OBJECT_DIR = CMakeFiles/png_static.dir
  OBJECT_FILE_DIR = CMakeFiles/png_static.dir
  TARGET_COMPILE_PDB = CMakeFiles/png_static.dir/png_static.pdb
  TARGET_PDB = libpng16.pdb
  TARGET_SUPPORT_DIR = CMakeFiles/png_static.dir

build CMakeFiles/png_static.dir/pngwio.c.o: C_COMPILER__png_static_unscanned_Release /home/runner/workspace/thirdparty/vcpkg/buildtrees/libpng/src/v1.6.44-58a090cbad.clean/pngwio.c || cmake_object_order_depends_target_png_static
  CONFIG = Release
  DEFINES = -DPNG_ARM_NEON_OPT=2
  DEP_FILE = CMakeFiles/png_static.dir/pngwio.c.o.d
  FLAGS = -g -DANDROID -fdata-sections -ffunction-sections -funwind-tables -fstack-protector-strong -no-canonical-prefixes -D_FORTIFY_SOURCE=2 -Wformat -Werror=format-security  -fPIC   -O3 -DNDEBUG    -fPIC
  INCLUDES = -I/home/runner/workspace/thirdparty/vcpkg/buildtrees/libpng/src/v1.6.44-58a090cbad.clean -I/home/runner/workspace/thirdparty/vcpkg/buildtrees/libpng/arm64-android-rel -isystem /home/runner/workspace/out/build/android-debug/vcpkg_installed/arm64-android/include
  OBJECT_DIR = CMakeFiles/png_static.dir
  OBJECT_FILE_DIR = CMakeFiles/png_static.dir
  TARGET_COMPILE_PDB = CMakeFiles/png_static.dir/png_static.pdb
  TARGET_PDB = libpng16.pdb
  TARGET_SUPPORT_DIR = CMakeFiles/png_static.dir

build CMakeFiles/png_static.dir/pngwrite.c.o: C_COMPILER__png_static_unscanned_Release /home/runner/workspace/thirdparty/vcpkg/buildtrees/libpng/src/v1.6.44-58a090cbad.clean/pngwrite.c || cmake_object_order_depends_target_png_static
  CONFIG = Release
  DEFINES = -DPNG_ARM_NEON_OPT=2
  DEP_FILE = CMakeFiles/png_static.dir/pngwrite.c.o.d
  FLAGS = -g -DANDROID -fdata-sections -ffunction-sections -funwind-tables -fstack-protector-strong -no-canonical-prefixes -D_FORTIFY_SOURCE=2 -Wformat -Werror=format-security  -fPIC   -O3 -DNDEBUG    -fPIC
  INCLUDES = -I/home/runner/workspace/thirdparty/vcpkg/buildtrees/libpng/src/v1.6.44-58a090cbad.clean -I/home/runner/workspace/thirdparty/vcpkg/buildtrees/libpng/arm64-android-rel -isystem /home/runner/workspace/out/build/android-debug/vcpkg_installed/arm64-android/include
  OBJECT_DIR = CMakeFiles/png_static.dir
  OBJECT_FILE_DIR = CMakeFiles/png_static.dir
  TARGET_COMPILE_PDB = CMakeFiles/png_static.dir/png_static.pdb
  TARGET_PDB = libpng16.pdb
  TARGET_SUPPORT_DIR = CMakeFiles/png_static.dir

build CMakeFiles/png_static.dir/pngwtran.c.o: C_COMPILER__png_static_unscanned_Release /home/runner/workspace/thirdparty/vcpkg/buildtrees/libpng/src/v1.6.44-58a090cbad.clean/pngwtran.c || cmake_object_order_depends_target_png_static
  CONFIG = Release
  DEFINES = -DPNG_ARM_NEON_OPT=2
  DEP_FILE = CMakeFiles/png_static.dir/pngwtran.c.o.d
  FLAGS = -g -DANDROID -fdata-sections -ffunction-sections -funwind-tables -fstack-protector-strong -no-canonical-prefixes -D_FORTIFY_SOURCE=2 -Wformat -Werror=format-security  -fPIC   -O3 -DNDEBUG    -fPIC
  INCLUDES = -I/home/runner/workspace/thirdparty/vcpkg/buildtrees/libpng/src/v1.6.44-58a090cbad.clean -I/home/runner/workspace/thirdparty/vcpkg/buildtrees/libpng/arm64-android-rel -isystem /home/runner/workspace/out/build/android-debug/vcpkg_installed/arm64-android/include
  OBJECT_DIR = CMakeFiles/png_static.dir
  OBJECT_FILE_DIR = CMakeFiles/png_static.dir
  TARGET_COMPILE_PDB = CMakeFiles/png_static.dir/png_static.pdb
  TARGET_PDB = libpng16.pdb
  TARGET_SUPPORT_DIR = CMakeFiles/png_static.dir

build CMakeFiles/png_static.dir/pngwutil.c.o: C_COMPILER__png_static_unscanned_Release /home/runner/workspace/thirdparty/vcpkg/buildtrees/libpng/src/v1.6.44-58a090cbad.clean/pngwutil.c || cmake_object_order_depends_target_png_static
  CONFIG = Release
  DEFINES = -DPNG_ARM_NEON_OPT=2
  DEP_FILE = CMakeFiles/png_static.dir/pngwutil.c.o.d
  FLAGS = -g -DANDROID -fdata-sections -ffunction-sections -funwind-tables -fstack-protector-strong -no-canonical-prefixes -D_FORTIFY_SOURCE=2 -Wformat -Werror=format-security  -fPIC   -O3 -DNDEBUG    -fPIC
  INCLUDES = -I/home/runner/workspace/thirdparty/vcpkg/buildtrees/libpng/src/v1.6.44-58a090cbad.clean -I/home/runner/workspace/thirdparty/vcpkg/buildtrees/libpng/arm64-android-rel -isystem /home/runner/workspace/out/build/android-debug/vcpkg_installed/arm64-android/include
  OBJECT_DIR = CMakeFiles/png_static.dir
  OBJECT_FILE_DIR = CMakeFiles/png_static.dir
  TARGET_COMPILE_PDB = CMakeFiles/png_static.dir/png_static.pdb
  TARGET_PDB = libpng16.pdb
  TARGET_SUPPORT_DIR = CMakeFiles/png_static.dir

build CMakeFiles/png_static.dir/arm/arm_init.c.o: C_COMPILER__png_static_unscanned_Release /home/runner/workspace/thirdparty/vcpkg/buildtrees/libpng/src/v1.6.44-58a090cbad.clean/arm/arm_init.c || cmake_object_order_depends_target_png_static
  CONFIG = Release
  DEFINES = -DPNG_ARM_NEON_OPT=2
  DEP_FILE = CMakeFiles/png_static.dir/arm/arm_init.c.o.d
  FLAGS = -g -DANDROID -fdata-sections -ffunction-sections -funwind-tables -fstack-protector-strong -no-canonical-prefixes -D_FORTIFY_SOURCE=2 -Wformat -Werror=format-security  -fPIC   -O3 -DNDEBUG    -fPIC
  INCLUDES = -I/home/runner/workspace/thirdparty/vcpkg/buildtrees/libpng/src/v1.6.44-58a090cbad.clean -I/home/runner/workspace/thirdparty/vcpkg/buildtrees/libpng/arm64-android-rel -isystem /home/runner/workspace/out/build/android-debug/vcpkg_installed/arm64-android/include
  OBJECT_DIR = CMakeFiles/png_static.dir
  OBJECT_FILE_DIR = CMakeFiles/png_static.dir/arm
  TARGET_COMPILE_PDB = CMakeFiles/png_static.dir/png_static.pdb
  TARGET_PDB = libpng16.pdb
  TARGET_SUPPORT_DIR = CMakeFiles/png_static.dir

build CMakeFiles/png_static.dir/arm/filter_neon_intrinsics.c.o: C_COMPILER__png_static_unscanned_Release /home/runner/workspace/thirdparty/vcpkg/buildtrees/libpng/src/v1.6.44-58a090cbad.clean/arm/filter_neon_intrinsics.c || cmake_object_order_depends_target_png_static
  CONFIG = Release
  DEFINES = -DPNG_ARM_NEON_OPT=2
  DEP_FILE = CMakeFiles/png_static.dir/arm/filter_neon_intrinsics.c.o.d
  FLAGS = -g -DANDROID -fdata-sections -ffunction-sections -funwind-tables -fstack-protector-strong -no-canonical-prefixes -D_FORTIFY_SOURCE=2 -Wformat -Werror=format-security  -fPIC   -O3 -DNDEBUG    -fPIC
  INCLUDES = -I/home/runner/workspace/thirdparty/vcpkg/buildtrees/libpng/src/v1.6.44-58a090cbad.clean -I/home/runner/workspace/thirdparty/vcpkg/buildtrees/libpng/arm64-android-rel -isystem /home/runner/workspace/out/build/android-debug/vcpkg_installed/arm64-android/include
  OBJECT_DIR = CMakeFiles/png_static.dir
  OBJECT_FILE_DIR = CMakeFiles/png_static.dir/arm
  TARGET_COMPILE_PDB = CMakeFiles/png_static.dir/png_static.pdb
  TARGET_PDB = libpng16.pdb
  TARGET_SUPPORT_DIR = CMakeFiles/png_static.dir

build CMakeFiles/png_static.dir/arm/palette_neon_intrinsics.c.o: C_COMPILER__png_static_unscanned_Release /home/runner/workspace/thirdparty/vcpkg/buildtrees/libpng/src/v1.6.44-58a090cbad.clean/arm/palette_neon_intrinsics.c || cmake_object_order_depends_target_png_static
  CONFIG = Release
  DEFINES = -DPNG_ARM_NEON_OPT=2
  DEP_FILE = CMakeFiles/png_static.dir/arm/palette_neon_intrinsics.c.o.d
  FLAGS = -g -DANDROID -fdata-sections -ffunction-sections -funwind-tables -fstack-protector-strong -no-canonical-prefixes -D_FORTIFY_SOURCE=2 -Wformat -Werror=format-security  -fPIC   -O3 -DNDEBUG    -fPIC
  INCLUDES = -I/home/runner/workspace/thirdparty/vcpkg/buildtrees/libpng/src/v1.6.44-58a090cbad.clean -I/home/runner/workspace/thirdparty/vcpkg/buildtrees/libpng/arm64-android-rel -isystem /home/runner/workspace/out/build/android-debug/vcpkg_installed/arm64-android/include
  OBJECT_DIR = CMakeFiles/png_static.dir
  OBJECT_FILE_DIR = CMakeFiles/png_static.dir/arm
  TARGET_COMPILE_PDB = CMakeFiles/png_static.dir/png_static.pdb
  TARGET_PDB = libpng16.pdb
  TARGET_SUPPORT_DIR = CMakeFiles/png_static.dir


# =============================================================================
# Link build statements for STATIC_LIBRARY target png_static


#############################################
# Link the static library libpng16.a

build libpng16.a: C_STATIC_LIBRARY_LINKER__png_static_Release CMakeFiles/png_static.dir/png.c.o CMakeFiles/png_static.dir/pngerror.c.o CMakeFiles/png_static.dir/pngget.c.o CMakeFiles/png_static.dir/pngmem.c.o CMakeFiles/png_static.dir/pngpread.c.o CMakeFiles/png_static.dir/pngread.c.o CMakeFiles/png_static.dir/pngrio.c.o CMakeFiles/png_static.dir/pngrtran.c.o CMakeFiles/png_static.dir/pngrutil.c.o CMakeFiles/png_static.dir/pngset.c.o CMakeFiles/png_static.dir/pngtrans.c.o CMakeFiles/png_static.dir/pngwio.c.o CMakeFiles/png_static.dir/pngwrite.c.o CMakeFiles/png_static.dir/pngwtran.c.o CMakeFiles/png_static.dir/pngwutil.c.o CMakeFiles/png_static.dir/arm/arm_init.c.o CMakeFiles/png_static.dir/arm/filter_neon_intrinsics.c.o CMakeFiles/png_static.dir/arm/palette_neon_intrinsics.c.o || png_genfiles
  CONFIG = Release
  LANGUAGE_COMPILE_FLAGS = -g -DANDROID -fdata-sections -ffunction-sections -funwind-tables -fstack-protector-strong -no-canonical-prefixes -D_FORTIFY_SOURCE=2 -Wformat -Werror=format-security  -fPIC   -O3 -DNDEBUG
  OBJECT_DIR = CMakeFiles/png_static.dir
  POST_BUILD = cd /home/runner/workspace/thirdparty/vcpkg/buildtrees/libpng/arm64-android-rel && /home/runner/workspace/thirdparty/vcpkg/downloads/tools/cmake-4.3.3-linux/cmake-4.3.3-linux-x86_64/bin/cmake -E create_symlink libpng16.a /home/runner/workspace/thirdparty/vcpkg/buildtrees/libpng/arm64-android-rel/libpng.a
  PRE_LINK = :
  TARGET_COMPILE_PDB = CMakeFiles/png_static.dir/png_static.pdb
  TARGET_FILE = libpng16.a
  TARGET_PDB = libpng16.pdb
  TARGET_SUPPORT_DIR = CMakeFiles/png_static.dir


#############################################
# Utility command for edit_cache

build CMakeFiles/edit_cache.util: CUSTOM_COMMAND
  COMMAND = cd /home/runner/workspace/thirdparty/vcpkg/buildtrees/libpng/arm64-android-rel && /home/runner/workspace/thirdparty/vcpkg/downloads/tools/cmake-4.3.3-linux/cmake-4.3.3-linux-x86_64/bin/ccmake -S/home/runner/workspace/thirdparty/vcpkg/buildtrees/libpng/src/v1.6.44-58a090cbad.clean -B/home/runner/workspace/thirdparty/vcpkg/buildtrees/libpng/arm64-android-rel
  DESC = Running CMake cache editor...
  pool = console
  restat = 1

build edit_cache: phony CMakeFiles/edit_cache.util


#############################################
# Utility command for rebuild_cache

build CMakeFiles/rebuild_cache.util: CUSTOM_COMMAND
  COMMAND = cd /home/runner/workspace/thirdparty/vcpkg/buildtrees/libpng/arm64-android-rel && /home/runner/workspace/thirdparty/vcpkg/downloads/tools/cmake-4.3.3-linux/cmake-4.3.3-linux-x86_64/bin/cmake --regenerate-during-build -S/home/runner/workspace/thirdparty/vcpkg/buildtrees/libpng/src/v1.6.44-58a090cbad.clean -B/home/runner/workspace/thirdparty/vcpkg/buildtrees/libpng/arm64-android-rel
  DESC = Running CMake to regenerate build system...
  pool = console
  restat = 1

build rebuild_cache: phony CMakeFiles/rebuild_cache.util


#############################################
# Utility command for list_install_components

build list_install_components: phony


#############################################
# Utility command for install

build CMakeFiles/install.util: CUSTOM_COMMAND all
  COMMAND = cd /home/runner/workspace/thirdparty/vcpkg/buildtrees/libpng/arm64-android-rel && /home/runner/workspace/thirdparty/vcpkg/downloads/tools/cmake-4.3.3-linux/cmake-4.3.3-linux-x86_64/bin/cmake -P cmake_install.cmake
  DESC = Install the project...
  pool = console
  restat = 1

build install: phony CMakeFiles/install.util


#############################################
# Utility command for install/local

build CMakeFiles/install/local.util: CUSTOM_COMMAND all
  COMMAND = cd /home/runner/workspace/thirdparty/vcpkg/buildtrees/libpng/arm64-android-rel && /home/runner/workspace/thirdparty/vcpkg/downloads/tools/cmake-4.3.3-linux/cmake-4.3.3-linux-x86_64/bin/cmake -DCMAKE_INSTALL_LOCAL_ONLY=1 -P cmake_install.cmake
  DESC = Installing only the local directory...
  pool = console
  restat = 1

build install/local: phony CMakeFiles/install/local.util


#############################################
# Utility command for install/strip

build CMakeFiles/install/strip.util: CUSTOM_COMMAND all
  COMMAND = cd /home/runner/workspace/thirdparty/vcpkg/buildtrees/libpng/arm64-android-rel && /home/runner/workspace/thirdparty/vcpkg/downloads/tools/cmake-4.3.3-linux/cmake-4.3.3-linux-x86_64/bin/cmake -DCMAKE_INSTALL_DO_STRIP=1 -P cmake_install.cmake
  DESC = Installing the project stripped...
  pool = console
  restat = 1

build install/strip: phony CMakeFiles/install/strip.util

# =============================================================================
# Target aliases.

build png_static: phony libpng16.a

# =============================================================================
# Folder targets.

# =============================================================================

#############################################
# Folder: /home/runner/workspace/thirdparty/vcpkg/buildtrees/libpng/arm64-android-rel

build all: phony libpng16.a

# =============================================================================
# Built-in targets


#############################################
# Re-run CMake if any of its inputs changed.

build build.ninja /home/runner/workspace/thirdparty/vcpkg/buildtrees/libpng/arm64-android-rel/cmake_install.cmake: RERUN_CMAKE | /home/runner/workspace/.ndk-tools/android-ndk-r27c/build/cmake/abis.cmake /home/runner/workspace/.ndk-tools/android-ndk-r27c/build/cmake/android-legacy.toolchain.cmake /home/runner/workspace/.ndk-tools/android-ndk-r27c/build/cmake/android.toolchain.cmake /home/runner/workspace/.ndk-tools/android-ndk-r27c/build/cmake/flags.cmake /home/runner/workspace/.ndk-tools/android-ndk-r27c/build/cmake/hooks/pre/Android-Clang.cmake /home/runner/workspace/.ndk-tools/android-ndk-r27c/build/cmake/hooks/pre/Android-Determine.cmake /home/runner/workspace/.ndk-tools/android-ndk-r27c/build/cmake/hooks/pre/Android-Initialize.cmake /home/runner/workspace/.ndk-tools/android-ndk-r27c/build/cmake/hooks/pre/Android.cmake /home/runner/workspace/.ndk-tools/android-ndk-r27c/build/cmake/platforms.cmake /home/runner/workspace/out/build/android-debug/vcpkg_installed/arm64-android/share/zlib/vcpkg-cmake-wrapper.cmake /home/runner/workspace/thirdparty/vcpkg/buildtrees/libpng/src/v1.6.44-58a090cbad.clean/CMakeLists.txt /home/runner/workspace/thirdparty/vcpkg/buildtrees/libpng/src/v1.6.44-58a090cbad.clean/libpng-config.in /home/runner/workspace/thirdparty/vcpkg/buildtrees/libpng/src/v1.6.44-58a090cbad.clean/libpng.pc.in /home/runner/workspace/thirdparty/vcpkg/buildtrees/libpng/src/v1.6.44-58a090cbad.clean/scripts/cmake/genchk.cmake.in /home/runner/workspace/thirdparty/vcpkg/buildtrees/libpng/src/v1.6.44-58a090cbad.clean/scripts/cmake/genout.cmake.in /home/runner/workspace/thirdparty/vcpkg/buildtrees/libpng/src/v1.6.44-58a090cbad.clean/scripts/cmake/gensrc.cmake.in /home/runner/workspace/thirdparty/vcpkg/buildtrees/libpng/src/v1.6.44-58a090cbad.clean/scripts/pnglibconf.h.prebuilt /home/runner/workspace/thirdparty/vcpkg/downloads/tools/cmake-4.3.3-linux/cmake-4.3.3-linux-x86_64/share/cmake-4.3/Modules/BasicConfigVersion-SameMinorVersion.cmake.in /home/runner/workspace/thirdparty/vcpkg/downloads/tools/cmake-4.3.3-linux/cmake-4.3.3-linux-x86_64/share/cmake-4.3/Modules/CMakeASMCompiler.cmake.in /home/runner/workspace/thirdparty/vcpkg/downloads/tools/cmake-4.3.3-linux/cmake-4.3.3-linux-x86_64/share/cmake-4.3/Modules/CMakeASMInformation.cmake /home/runner/workspace/thirdparty/vcpkg/downloads/tools/cmake-4.3.3-linux/cmake-4.3.3-linux-x86_64/share/cmake-4.3/Modules/CMakeCCompiler.cmake.in /home/runner/workspace/thirdparty/vcpkg/downloads/tools/cmake-4.3.3-linux/cmake-4.3.3-linux-x86_64/share/cmake-4.3/Modules/CMakeCCompilerABI.c /home/runner/workspace/thirdparty/vcpkg/downloads/tools/cmake-4.3.3-linux/cmake-4.3.3-linux-x86_64/share/cmake-4.3/Modules/CMakeCInformation.cmake /home/runner/workspace/thirdparty/vcpkg/downloads/tools/cmake-4.3.3-linux/cmake-4.3.3-linux-x86_64/share/cmake-4.3/Modules/CMakeCommonLanguageInclude.cmake /home/runner/workspace/thirdparty/vcpkg/downloads/tools/cmake-4.3.3-linux/cmake-4.3.3-linux-x86_64/share/cmake-4.3/Modules/CMakeCompilerIdDetection.cmake /home/runner/workspace/thirdparty/vcpkg/downloads/tools/cmake-4.3.3-linux/cmake-4.3.3-linux-x86_64/share/cmake-4.3/Modules/CMakeDependentOption.cmake /home/runner/workspace/thirdparty/vcpkg/downloads/tools/cmake-4.3.3-linux/cmake-4.3.3-linux-x86_64/share/cmake-4.3/Modules/CMakeDetermineASMCompiler.cmake /home/runner/workspace/thirdparty/vcpkg/downloads/tools/cmake-4.3.3-linux/cmake-4.3.3-linux-x86_64/share/cmake-4.3/Modules/CMakeDetermineCCompiler.cmake /home/runner/workspace/thirdparty/vcpkg/downloads/tools/cmake-4.3.3-linux/cmake-4.3.3-linux-x86_64/share/cmake-4.3/Modules/CMakeDetermineCompiler.cmake /home/runner/workspace/thirdparty/vcpkg/downloads/tools/cmake-4.3.3-linux/cmake-4.3.3-linux-x86_64/share/cmake-4.3/Modules/CMakeDetermineCompilerABI.cmake /home/runner/workspace/thirdparty/vcpkg/downloads/tools/cmake-4.3.3-linux/cmake-4.3.3-linux-x86_64/share/cmake-4.3/Modules/CMakeDetermineCompilerId.cmake /home/runner/workspace/thirdparty/vcpkg/downloads/tools/cmake-4.3.3-linux/cmake-4.3.3-linux-x86_64/share/cmake-4.3/Modules/CMakeDetermineCompilerSupport.cmake /home/runner/workspace/thirdparty/vcpkg/downloads/tools/cmake-4.3.3-linux/cmake-4.3.3-linux-x86_64/share/cmake-4.3/Modules/CMakeDetermineSystem.cmake /home/runner/workspace/thirdparty/vcpkg/downloads/tools/cmake-4.3.3-linux/cmake-4.3.3-linux-x86_64/share/cmake-4.3/Modules/CMakeFindBinUtils.cmake /home/runner/workspace/thirdparty/vcpkg/downloads/tools/cmake-4.3.3-linux/cmake-4.3.3-linux-x86_64/share/cmake-4.3/Modules/CMakeGenericSystem.cmake /home/runner/workspace/thirdparty/vcpkg/downloads/tools/cmake-4.3.3-linux/cmake-4.3.3-linux-x86_64/share/cmake-4.3/Modules/CMakeInitializeConfigs.cmake /home/runner/workspace/thirdparty/vcpkg/downloads/tools/cmake-4.3.3-linux/cmake-4.3.3-linux-x86_64/share/cmake-4.3/Modules/CMakeLanguageInformation.cmake /home/runner/workspace/thirdparty/vcpkg/downloads/tools/cmake-4.3.3-linux/cmake-4.3.3-linux-x86_64/share/cmake-4.3/Modules/CMakePackageConfigHelpers.cmake /home/runner/workspace/thirdparty/vcpkg/downloads/tools/cmake-4.3.3-linux/cmake-4.3.3-linux-x86_64/share/cmake-4.3/Modules/CMakeParseImplicitIncludeInfo.cmake /home/runner/workspace/thirdparty/vcpkg/downloads/tools/cmake-4.3.3-linux/cmake-4.3.3-linux-x86_64/share/cmake-4.3/Modules/CMakeParseImplicitLinkInfo.cmake /home/runner/workspace/thirdparty/vcpkg/downloads/tools/cmake-4.3.3-linux/cmake-4.3.3-linux-x86_64/share/cmake-4.3/Modules/CMakeParseLibraryArchitecture.cmake /home/runner/workspace/thirdparty/vcpkg/downloads/tools/cmake-4.3.3-linux/cmake-4.3.3-linux-x86_64/share/cmake-4.3/Modules/CMakeSystem.cmake.in /home/runner/workspace/thirdparty/vcpkg/downloads/tools/cmake-4.3.3-linux/cmake-4.3.3-linux-x86_64/share/cmake-4.3/Modules/CMakeSystemSpecificInformation.cmake /home/runner/workspace/thirdparty/vcpkg/downloads/tools/cmake-4.3.3-linux/cmake-4.3.3-linux-x86_64/share/cmake-4.3/Modules/CMakeSystemSpecificInitialize.cmake /home/runner/workspace/thirdparty/vcpkg/downloads/tools/cmake-4.3.3-linux/cmake-4.3.3-linux-x86_64/share/cmake-4.3/Modules/CMakeTestASMCompiler.cmake /home/runner/workspace/thirdparty/vcpkg/downloads/tools/cmake-4.3.3-linux/cmake-4.3.3-linux-x86_64/share/cmake-4.3/Modules/CMakeTestCCompiler.cmake /home/runner/workspace/thirdparty/vcpkg/downloads/tools/cmake-4.3.3-linux/cmake-4.3.3-linux-x86_64/share/cmake-4.3/Modules/CMakeTestCompilerCommon.cmake /home/runner/workspace/thirdparty/vcpkg/downloads/tools/cmake-4.3.3-linux/cmake-4.3.3-linux-x86_64/share/cmake-4.3/Modules/CheckCSourceCompiles.cmake /home/runner/workspace/thirdparty/vcpkg/downloads/tools/cmake-4.3.3-linux/cmake-4.3.3-linux-x86_64/share/cmake-4.3/Modules/Compiler/ADSP-DetermineCompiler.cmake /home/runner/workspace/thirdparty/vcpkg/downloads/tools/cmake-4.3.3-linux/cmake-4.3.3-linux-x86_64/share/cmake-4.3/Modules/Compiler/ARMCC-DetermineCompiler.cmake /home/runner/workspace/thirdparty/vcpkg/downloads/tools/cmake-4.3.3-linux/cmake-4.3.3-linux-x86_64/share/cmake-4.3/Modules/Compiler/ARMClang-DetermineCompiler.cmake /home/runner/workspace/thirdparty/vcpkg/downloads/tools/cmake-4.3.3-linux/cmake-4.3.3-linux-x86_64/share/cmake-4.3/Modules/Compiler/AppleClang-DetermineCompiler.cmake /home/runner/workspace/thirdparty/vcpkg/downloads/tools/cmake-4.3.3-linux/cmake-4.3.3-linux-x86_64/share/cmake-4.3/Modules/Compiler/Borland-DetermineCompiler.cmake /home/runner/workspace/thirdparty/vcpkg/downloads/tools/cmake-4.3.3-linux/cmake-4.3.3-linux-x86_64/share/cmake-4.3/Modules/Compiler/Bruce-C-DetermineCompiler.cmake /home/runner/workspace/thirdparty/vcpkg/downloads/tools/cmake-4.3.3-linux/cmake-4.3.3-linux-x86_64/share/cmake-4.3/Modules/Compiler/CMakeCommonCompilerMacros.cmake /home/runner/workspace/thirdparty/vcpkg/downloads/tools/cmake-4.3.3-linux/cmake-4.3.3-linux-x86_64/share/cmake-4.3/Modules/Compiler/Clang-ASM.cmake /home/runner/workspace/thirdparty/vcpkg/downloads/tools/cmake-4.3.3-linux/cmake-4.3.3-linux-x86_64/share/cmake-4.3/Modules/Compiler/Clang-C.cmake /home/runner/workspace/thirdparty/vcpkg/downloads/tools/cmake-4.3.3-linux/cmake-4.3.3-linux-x86_64/share/cmake-4.3/Modules/Compiler/Clang-DetermineCompiler.cmake /home/runner/workspace/thirdparty/vcpkg/downloads/tools/cmake-4.3.3-linux/cmake-4.3.3-linux-x86_64/share/cmake-4.3/Modules/Compiler/Clang-DetermineCompilerInternal.cmake /home/runner/workspace/thirdparty/vcpkg/downloads/tools/cmake-4.3.3-linux/cmake-4.3.3-linux-x86_64/share/cmake-4.3/Modules/Compiler/Clang-FindBinUtils.cmake /home/runner/workspace/thirdparty/vcpkg/downloads/tools/cmake-4.3.3-linux/cmake-4.3.3-linux-x86_64/share/cmake-4.3/Modules/Compiler/Clang.cmake /home/runner/workspace/thirdparty/vcpkg/downloads/tools/cmake-4.3.3-linux/cmake-4.3.3-linux-x86_64/share/cmake-4.3/Modules/Compiler/Compaq-C-DetermineCompiler.cmake /home/runner/workspace/thirdparty/vcpkg/downloads/tools/cmake-4.3.3-linux/cmake-4.3.3-linux-x86_64/share/cmake-4.3/Modules/Compiler/Cray-DetermineCompiler.cmake /home/runner/workspace/thirdparty/vcpkg/downloads/tools/cmake-4.3.3-linux/cmake-4.3.3-linux-x86_64/share/cmake-4.3/Modules/Compiler/CrayClang-DetermineCompiler.cmake /home/runner/workspace/thirdparty/vcpkg/downloads/tools/cmake-4.3.3-linux/cmake-4.3.3-linux-x86_64/share/cmake-4.3/Modules/Compiler/Diab-DetermineCompiler.cmake /home/runner/workspace/thirdparty/vcpkg/downloads/tools/cmake-4.3.3-linux/cmake-4.3.3-linux-x86_64/share/cmake-4.3/Modules/Compiler/Embarcadero-DetermineCompiler.cmake /home/runner/workspace/thirdparty/vcpkg/downloads/tools/cmake-4.3.3-linux/cmake-4.3.3-linux-x86_64/share/cmake-4.3/Modules/Compiler/Fujitsu-DetermineCompiler.cmake /home/runner/workspace/thirdparty/vcpkg/downloads/tools/cmake-4.3.3-linux/cmake-4.3.3-linux-x86_64/share/cmake-4.3/Modules/Compiler/FujitsuClang-DetermineCompiler.cmake /home/runner/workspace/thirdparty/vcpkg/downloads/tools/cmake-4.3.3-linux/cmake-4.3.3-linux-x86_64/share/cmake-4.3/Modules/Compiler/GHS-DetermineCompiler.cmake /home/runner/workspace/thirdparty/vcpkg/downloads/tools/cmake-4.3.3-linux/cmake-4.3.3-linux-x86_64/share/cmake-4.3/Modules/Compiler/GNU-C-DetermineCompiler.cmake /home/runner/workspace/thirdparty/vcpkg/downloads/tools/cmake-4.3.3-linux/cmake-4.3.3-linux-x86_64/share/cmake-4.3/Modules/Compiler/GNU.cmake /home/runner/workspace/thirdparty/vcpkg/downloads/tools/cmake-4.3.3-linux/cmake-4.3.3-linux-x86_64/share/cmake-4.3/Modules/Compiler/HP-C-DetermineCompiler.cmake /home/runner/workspace/thirdparty/vcpkg/downloads/tools/cmake-4.3.3-linux/cmake-4.3.3-linux-x86_64/share/cmake-4.3/Modules/Compiler/IAR-DetermineCompiler.cmake /home/runner/workspace/thirdparty/vcpkg/downloads/tools/cmake-4.3.3-linux/cmake-4.3.3-linux-x86_64/share/cmake-4.3/Modules/Compiler/IBMCPP-C-DetermineVersionInternal.cmake /home/runner/workspace/thirdparty/vcpkg/downloads/tools/cmake-4.3.3-linux/cmake-4.3.3-linux-x86_64/share/cmake-4.3/Modules/Compiler/IBMClang-C-DetermineCompiler.cmake /home/runner/workspace/thirdparty/vcpkg/downloads/tools/cmake-4.3.3-linux/cmake-4.3.3-linux-x86_64/share/cmake-4.3/Modules/Compiler/Intel-DetermineCompiler.cmake /home/runner/workspace/thirdparty/vcpkg/downloads/tools/cmake-4.3.3-linux/cmake-4.3.3-linux-x86_64/share/cmake-4.3/Modules/Compiler/IntelLLVM-DetermineCompiler.cmake /home/runner/workspace/thirdparty/vcpkg/downloads/tools/cmake-4.3.3-linux/cmake-4.3.3-linux-x86_64/share/cmake-4.3/Modules/Compiler/LCC-C-DetermineCompiler.cmake /home/runner/workspace/thirdparty/vcpkg/downloads/tools/cmake-4.3.3-linux/cmake-4.3.3-linux-x86_64/share/cmake-4.3/Modules/Compiler/MSVC-DetermineCompiler.cmake /home/runner/workspace/thirdparty/vcpkg/downloads/tools/cmake-4.3.3-linux/cmake-4.3.3-linux-x86_64/share/cmake-4.3/Modules/Compiler/NVHPC-DetermineCompiler.cmake /home/runner/workspace/thirdparty/vcpkg/downloads/tools/cmake-4.3.3-linux/cmake-4.3.3-linux-x86_64/share/cmake-4.3/Modules/Compiler/NVIDIA-DetermineCompiler.cmake /home/runner/workspace/thirdparty/vcpkg/downloads/tools/cmake-4.3.3-linux/cmake-4.3.3-linux-x86_64/share/cmake-4.3/Modules/Compiler/OpenWatcom-DetermineCompiler.cmake /home/runner/workspace/thirdparty/vcpkg/downloads/tools/cmake-4.3.3-linux/cmake-4.3.3-linux-x86_64/share/cmake-4.3/Modules/Compiler/OrangeC-DetermineCompiler.cmake /home/runner/workspace/thirdparty/vcpkg/downloads/tools/cmake-4.3.3-linux/cmake-4.3.3-linux-x86_64/share/cmake-4.3/Modules/Compiler/PGI-DetermineCompiler.cmake /home/runner/workspace/thirdparty/vcpkg/downloads/tools/cmake-4.3.3-linux/cmake-4.3.3-linux-x86_64/share/cmake-4.3/Modules/Compiler/PathScale-DetermineCompiler.cmake /home/runner/workspace/thirdparty/vcpkg/downloads/tools/cmake-4.3.3-linux/cmake-4.3.3-linux-x86_64/share/cmake-4.3/Modules/Compiler/Renesas-DetermineCompiler.cmake /home/runner/workspace/thirdparty/vcpkg/downloads/tools/cmake-4.3.3-linux/cmake-4.3.3-linux-x86_64/share/cmake-4.3/Modules/Compiler/SCO-DetermineCompiler.cmake /home/runner/workspace/thirdparty/vcpkg/downloads/tools/cmake-4.3.3-linux/cmake-4.3.3-linux-x86_64/share/cmake-4.3/Modules/Compiler/SDCC-C-DetermineCompiler.cmake /home/runner/workspace/thirdparty/vcpkg/downloads/tools/cmake-4.3.3-linux/cmake-4.3.3-linux-x86_64/share/cmake-4.3/Modules/Compiler/SunPro-C-DetermineCompiler.cmake /home/runner/workspace/thirdparty/vcpkg/downloads/tools/cmake-4.3.3-linux/cmake-4.3.3-linux-x86_64/share/cmake-4.3/Modules/Compiler/TI-DetermineCompiler.cmake /home/runner/workspace/thirdparty/vcpkg/downloads/tools/cmake-4.3.3-linux/cmake-4.3.3-linux-x86_64/share/cmake-4.3/Modules/Compiler/TIClang-DetermineCompiler.cmake /home/runner/workspace/thirdparty/vcpkg/downloads/tools/cmake-4.3.3-linux/cmake-4.3.3-linux-x86_64/share/cmake-4.3/Modules/Compiler/Tasking-DetermineCompiler.cmake /home/runner/workspace/thirdparty/vcpkg/downloads/tools/cmake-4.3.3-linux/cmake-4.3.3-linux-x86_64/share/cmake-4.3/Modules/Compiler/TinyCC-C-DetermineCompiler.cmake /home/runner/workspace/thirdparty/vcpkg/downloads/tools/cmake-4.3.3-linux/cmake-4.3.3-linux-x86_64/share/cmake-4.3/Modules/Compiler/VisualAge-C-DetermineCompiler.cmake /home/runner/workspace/thirdparty/vcpkg/downloads/tools/cmake-4.3.3-linux/cmake-4.3.3-linux-x86_64/share/cmake-4.3/Modules/Compiler/Watcom-DetermineCompiler.cmake /home/runner/workspace/thirdparty/vcpkg/downloads/tools/cmake-4.3.3-linux/cmake-4.3.3-linux-x86_64/share/cmake-4.3/Modules/Compiler/XL-C-DetermineCompiler.cmake /home/runner/workspace/thirdparty/vcpkg/downloads/tools/cmake-4.3.3-linux/cmake-4.3.3-linux-x86_64/share/cmake-4.3/Modules/Compiler/XLClang-C-DetermineCompiler.cmake /home/runner/workspace/thirdparty/vcpkg/downloads/tools/cmake-4.3.3-linux/cmake-4.3.3-linux-x86_64/share/cmake-4.3/Modules/Compiler/zOS-C-DetermineCompiler.cmake /home/runner/workspace/thirdparty/vcpkg/downloads/tools/cmake-4.3.3-linux/cmake-4.3.3-linux-x86_64/share/cmake-4.3/Modules/FindPackageHandleStandardArgs.cmake /home/runner/workspace/thirdparty/vcpkg/downloads/tools/cmake-4.3.3-linux/cmake-4.3.3-linux-x86_64/share/cmake-4.3/Modules/FindPackageMessage.cmake /home/runner/workspace/thirdparty/vcpkg/downloads/tools/cmake-4.3.3-linux/cmake-4.3.3-linux-x86_64/share/cmake-4.3/Modules/FindZLIB.cmake /home/runner/workspace/thirdparty/vcpkg/downloads/tools/cmake-4.3.3-linux/cmake-4.3.3-linux-x86_64/share/cmake-4.3/Modules/GNUInstallDirs.cmake /home/runner/workspace/thirdparty/vcpkg/downloads/tools/cmake-4.3.3-linux/cmake-4.3.3-linux-x86_64/share/cmake-4.3/Modules/Internal/CMakeASMLinkerInformation.cmake /home/runner/workspace/thirdparty/vcpkg/downloads/tools/cmake-4.3.3-linux/cmake-4.3.3-linux-x86_64/share/cmake-4.3/Modules/Internal/CMakeCLinkerInformation.cmake /home/runner/workspace/thirdparty/vcpkg/downloads/tools/cmake-4.3.3-linux/cmake-4.3.3-linux-x86_64/share/cmake-4.3/Modules/Internal/CMakeCommonLinkerInformation.cmake /home/runner/workspace/thirdparty/vcpkg/downloads/tools/cmake-4.3.3-linux/cmake-4.3.3-linux-x86_64/share/cmake-4.3/Modules/Internal/CMakeDetermineLinkerId.cmake /home/runner/workspace/thirdparty/vcpkg/downloads/tools/cmake-4.3.3-linux/cmake-4.3.3-linux-x86_64/share/cmake-4.3/Modules/Internal/CMakeInspectASMLinker.cmake /home/runner/workspace/thirdparty/vcpkg/downloads/tools/cmake-4.3.3-linux/cmake-4.3.3-linux-x86_64/share/cmake-4.3/Modules/Internal/CMakeInspectCLinker.cmake /home/runner/workspace/thirdparty/vcpkg/downloads/tools/cmake-4.3.3-linux/cmake-4.3.3-linux-x86_64/share/cmake-4.3/Modules/Internal/CheckSourceCompiles.cmake /home/runner/workspace/thirdparty/vcpkg/downloads/tools/cmake-4.3.3-linux/cmake-4.3.3-linux-x86_64/share/cmake-4.3/Modules/Internal/FeatureTesting.cmake /home/runner/workspace/thirdparty/vcpkg/downloads/tools/cmake-4.3.3-linux/cmake-4.3.3-linux-x86_64/share/cmake-4.3/Modules/Linker/GNU.cmake /home/runner/workspace/thirdparty/vcpkg/downloads/tools/cmake-4.3.3-linux/cmake-4.3.3-linux-x86_64/share/cmake-4.3/Modules/Linker/LLD-C.cmake /home/runner/workspace/thirdparty/vcpkg/downloads/tools/cmake-4.3.3-linux/cmake-4.3.3-linux-x86_64/share/cmake-4.3/Modules/Linker/LLD.cmake /home/runner/workspace/thirdparty/vcpkg/downloads/tools/cmake-4.3.3-linux/cmake-4.3.3-linux-x86_64/share/cmake-4.3/Modules/Platform/Android-Clang-ASM.cmake /home/runner/workspace/thirdparty/vcpkg/downloads/tools/cmake-4.3.3-linux/cmake-4.3.3-linux-x86_64/share/cmake-4.3/Modules/Platform/Android-Clang-C.cmake /home/runner/workspace/thirdparty/vcpkg/downloads/tools/cmake-4.3.3-linux/cmake-4.3.3-linux-x86_64/share/cmake-4.3/Modules/Platform/Android-Clang.cmake /home/runner/workspace/thirdparty/vcpkg/downloads/tools/cmake-4.3.3-linux/cmake-4.3.3-linux-x86_64/share/cmake-4.3/Modules/Platform/Android-Determine-C.cmake /home/runner/workspace/thirdparty/vcpkg/downloads/tools/cmake-4.3.3-linux/cmake-4.3.3-linux-x86_64/share/cmake-4.3/Modules/Platform/Android-Determine.cmake /home/runner/workspace/thirdparty/vcpkg/downloads/tools/cmake-4.3.3-linux/cmake-4.3.3-linux-x86_64/share/cmake-4.3/Modules/Platform/Android-Initialize.cmake /home/runner/workspace/thirdparty/vcpkg/downloads/tools/cmake-4.3.3-linux/cmake-4.3.3-linux-x86_64/share/cmake-4.3/Modules/Platform/Android.cmake /home/runner/workspace/thirdparty/vcpkg/downloads/tools/cmake-4.3.3-linux/cmake-4.3.3-linux-x86_64/share/cmake-4.3/Modules/Platform/Linker/Android-ASM.cmake /home/runner/workspace/thirdparty/vcpkg/downloads/tools/cmake-4.3.3-linux/cmake-4.3.3-linux-x86_64/share/cmake-4.3/Modules/Platform/Linker/Android-GNU-ASM.cmake /home/runner/workspace/thirdparty/vcpkg/downloads/tools/cmake-4.3.3-linux/cmake-4.3.3-linux-x86_64/share/cmake-4.3/Modules/Platform/Linker/Android-LLD-C.cmake /home/runner/workspace/thirdparty/vcpkg/downloads/tools/cmake-4.3.3-linux/cmake-4.3.3-linux-x86_64/share/cmake-4.3/Modules/Platform/Linker/GNU.cmake /home/runner/workspace/thirdparty/vcpkg/downloads/tools/cmake-4.3.3-linux/cmake-4.3.3-linux-x86_64/share/cmake-4.3/Modules/Platform/Linker/Linux-GNU-ASM.cmake /home/runner/workspace/thirdparty/vcpkg/downloads/tools/cmake-4.3.3-linux/cmake-4.3.3-linux-x86_64/share/cmake-4.3/Modules/Platform/Linker/Linux-GNU.cmake /home/runner/workspace/thirdparty/vcpkg/downloads/tools/cmake-4.3.3-linux/cmake-4.3.3-linux-x86_64/share/cmake-4.3/Modules/Platform/Linker/Linux-LLD-C.cmake /home/runner/workspace/thirdparty/vcpkg/downloads/tools/cmake-4.3.3-linux/cmake-4.3.3-linux-x86_64/share/cmake-4.3/Modules/Platform/Linker/Linux-LLD.cmake /home/runner/workspace/thirdparty/vcpkg/downloads/tools/cmake-4.3.3-linux/cmake-4.3.3-linux-x86_64/share/cmake-4.3/Modules/Platform/Linux-Initialize.cmake /home/runner/workspace/thirdparty/vcpkg/downloads/tools/cmake-4.3.3-linux/cmake-4.3.3-linux-x86_64/share/cmake-4.3/Modules/Platform/Linux.cmake /home/runner/workspace/thirdparty/vcpkg/downloads/tools/cmake-4.3.3-linux/cmake-4.3.3-linux-x86_64/share/cmake-4.3/Modules/Platform/UnixPaths.cmake /home/runner/workspace/thirdparty/vcpkg/downloads/tools/cmake-4.3.3-linux/cmake-4.3.3-linux-x86_64/share/cmake-4.3/Modules/SelectLibraryConfigurations.cmake /home/runner/workspace/thirdparty/vcpkg/downloads/tools/cmake-4.3.3-linux/cmake-4.3.3-linux-x86_64/share/cmake-4.3/Modules/WriteBasicConfigVersionFile.cmake /home/runner/workspace/thirdparty/vcpkg/scripts/buildsystems/vcpkg.cmake /home/runner/workspace/thirdparty/vcpkg/scripts/toolchains/android.cmake CMakeCache.txt CMakeFiles/4.3.3/CMakeASMCompiler.cmake CMakeFiles/4.3.3/CMakeCCompiler.cmake CMakeFiles/4.3.3/CMakeSystem.cmake
  pool = console


#############################################
# A missing CMake input file is not an error.

build /home/runner/workspace/.ndk-tools/android-ndk-r27c/build/cmake/abis.cmake /home/runner/workspace/.ndk-tools/android-ndk-r27c/build/cmake/android-legacy.toolchain.cmake /home/runner/workspace/.ndk-tools/android-ndk-r27c/build/cmake/android.toolchain.cmake /home/runner/workspace/.ndk-tools/android-ndk-r27c/build/cmake/flags.cmake /home/runner/workspace/.ndk-tools/android-ndk-r27c/build/cmake/hooks/pre/Android-Clang.cmake /home/runner/workspace/.ndk-tools/android-ndk-r27c/build/cmake/hooks/pre/Android-Determine.cmake /home/runner/workspace/.ndk-tools/android-ndk-r27c/build/cmake/hooks/pre/Android-Initialize.cmake /home/runner/workspace/.ndk-tools/android-ndk-r27c/build/cmake/hooks/pre/Android.cmake /home/runner/workspace/.ndk-tools/android-ndk-r27c/build/cmake/platforms.cmake /home/runner/workspace/out/build/android-debug/vcpkg_installed/arm64-android/share/zlib/vcpkg-cmake-wrapper.cmake /home/runner/workspace/thirdparty/vcpkg/buildtrees/libpng/src/v1.6.44-58a090cbad.clean/CMakeLists.txt /home/runner/workspace/thirdparty/vcpkg/buildtrees/libpng/src/v1.6.44-58a090cbad.clean/libpng-config.in /home/runner/workspace/thirdparty/vcpkg/buildtrees/libpng/src/v1.6.44-58a090cbad.clean/libpng.pc.in /home/runner/workspace/thirdparty/vcpkg/buildtrees/libpng/src/v1.6.44-58a090cbad.clean/scripts/cmake/genchk.cmake.in /home/runner/workspace/thirdparty/vcpkg/buildtrees/libpng/src/v1.6.44-58a090cbad.clean/scripts/cmake/genout.cmake.in /home/runner/workspace/thirdparty/vcpkg/buildtrees/libpng/src/v1.6.44-58a090cbad.clean/scripts/cmake/gensrc.cmake.in /home/runner/workspace/thirdparty/vcpkg/buildtrees/libpng/src/v1.6.44-58a090cbad.clean/scripts/pnglibconf.h.prebuilt /home/runner/workspace/thirdparty/vcpkg/downloads/tools/cmake-4.3.3-linux/cmake-4.3.3-linux-x86_64/share/cmake-4.3/Modules/BasicConfigVersion-SameMinorVersion.cmake.in /home/runner/workspace/thirdparty/vcpkg/downloads/tools/cmake-4.3.3-linux/cmake-4.3.3-linux-x86_64/share/cmake-4.3/Modules/CMakeASMCompiler.cmake.in /home/runner/workspace/thirdparty/vcpkg/downloads/tools/cmake-4.3.3-linux/cmake-4.3.3-linux-x86_64/share/cmake-4.3/Modules/CMakeASMInformation.cmake /home/runner/workspace/thirdparty/vcpkg/downloads/tools/cmake-4.3.3-linux/cmake-4.3.3-linux-x86_64/share/cmake-4.3/Modules/CMakeCCompiler.cmake.in /home/runner/workspace/thirdparty/vcpkg/downloads/tools/cmake-4.3.3-linux/cmake-4.3.3-linux-x86_64/share/cmake-4.3/Modules/CMakeCCompilerABI.c /home/runner/workspace/thirdparty/vcpkg/downloads/tools/cmake-4.3.3-linux/cmake-4.3.3-linux-x86_64/share/cmake-4.3/Modules/CMakeCInformation.cmake /home/runner/workspace/thirdparty/vcpkg/downloads/tools/cmake-4.3.3-linux/cmake-4.3.3-linux-x86_64/share/cmake-4.3/Modules/CMakeCommonLanguageInclude.cmake /home/runner/workspace/thirdparty/vcpkg/downloads/tools/cmake-4.3.3-linux/cmake-4.3.3-linux-x86_64/share/cmake-4.3/Modules/CMakeCompilerIdDetection.cmake /home/runner/workspace/thirdparty/vcpkg/downloads/tools/cmake-4.3.3-linux/cmake-4.3.3-linux-x86_64/share/cmake-4.3/Modules/CMakeDependentOption.cmake /home/runner/workspace/thirdparty/vcpkg/downloads/tools/cmake-4.3.3-linux/cmake-4.3.3-linux-x86_64/share/cmake-4.3/Modules/CMakeDetermineASMCompiler.cmake /home/runner/workspace/thirdparty/vcpkg/downloads/tools/cmake-4.3.3-linux/cmake-4.3.3-linux-x86_64/share/cmake-4.3/Modules/CMakeDetermineCCompiler.cmake /home/runner/workspace/thirdparty/vcpkg/downloads/tools/cmake-4.3.3-linux/cmake-4.3.3-linux-x86_64/share/cmake-4.3/Modules/CMakeDetermineCompiler.cmake /home/runner/workspace/thirdparty/vcpkg/downloads/tools/cmake-4.3.3-linux/cmake-4.3.3-linux-x86_64/share/cmake-4.3/Modules/CMakeDetermineCompilerABI.cmake /home/runner/workspace/thirdparty/vcpkg/downloads/tools/cmake-4.3.3-linux/cmake-4.3.3-linux-x86_64/share/cmake-4.3/Modules/CMakeDetermineCompilerId.cmake /home/runner/workspace/thirdparty/vcpkg/downloads/tools/cmake-4.3.3-linux/cmake-4.3.3-linux-x86_64/share/cmake-4.3/Modules/CMakeDetermineCompilerSupport.cmake /home/runner/workspace/thirdparty/vcpkg/downloads/tools/cmake-4.3.3-linux/cmake-4.3.3-linux-x86_64/share/cmake-4.3/Modules/CMakeDetermineSystem.cmake /home/runner/workspace/thirdparty/vcpkg/downloads/tools/cmake-4.3.3-linux/cmake-4.3.3-linux-x86_64/share/cmake-4.3/Modules/CMakeFindBinUtils.cmake /home/runner/workspace/thirdparty/vcpkg/downloads/tools/cmake-4.3.3-linux/cmake-4.3.3-linux-x86_64/share/cmake-4.3/Modules/CMakeGenericSystem.cmake /home/runner/workspace/thirdparty/vcpkg/downloads/tools/cmake-4.3.3-linux/cmake-4.3.3-linux-x86_64/share/cmake-4.3/Modules/CMakeInitializeConfigs.cmake /home/runner/workspace/thirdparty/vcpkg/downloads/tools/cmake-4.3.3-linux/cmake-4.3.3-linux-x86_64/share/cmake-4.3/Modules/CMakeLanguageInformation.cmake /home/runner/workspace/thirdparty/vcpkg/downloads/tools/cmake-4.3.3-linux/cmake-4.3.3-linux-x86_64/share/cmake-4.3/Modules/CMakePackageConfigHelpers.cmake /home/runner/workspace/thirdparty/vcpkg/downloads/tools/cmake-4.3.3-linux/cmake-4.3.3-linux-x86_64/share/cmake-4.3/Modules/CMakeParseImplicitIncludeInfo.cmake /home/runner/workspace/thirdparty/vcpkg/downloads/tools/cmake-4.3.3-linux/cmake-4.3.3-linux-x86_64/share/cmake-4.3/Modules/CMakeParseImplicitLinkInfo.cmake /home/runner/workspace/thirdparty/vcpkg/downloads/tools/cmake-4.3.3-linux/cmake-4.3.3-linux-x86_64/share/cmake-4.3/Modules/CMakeParseLibraryArchitecture.cmake /home/runner/workspace/thirdparty/vcpkg/downloads/tools/cmake-4.3.3-linux/cmake-4.3.3-linux-x86_64/share/cmake-4.3/Modules/CMakeSystem.cmake.in /home/runner/workspace/thirdparty/vcpkg/downloads/tools/cmake-4.3.3-linux/cmake-4.3.3-linux-x86_64/share/cmake-4.3/Modules/CMakeSystemSpecificInformation.cmake /home/runner/workspace/thirdparty/vcpkg/downloads/tools/cmake-4.3.3-linux/cmake-4.3.3-linux-x86_64/share/cmake-4.3/Modules/CMakeSystemSpecificInitialize.cmake /home/runner/workspace/thirdparty/vcpkg/downloads/tools/cmake-4.3.3-linux/cmake-4.3.3-linux-x86_64/share/cmake-4.3/Modules/CMakeTestASMCompiler.cmake /home/runner/workspace/thirdparty/vcpkg/downloads/tools/cmake-4.3.3-linux/cmake-4.3.3-linux-x86_64/share/cmake-4.3/Modules/CMakeTestCCompiler.cmake /home/runner/workspace/thirdparty/vcpkg/downloads/tools/cmake-4.3.3-linux/cmake-4.3.3-linux-x86_64/share/cmake-4.3/Modules/CMakeTestCompilerCommon.cmake /home/runner/workspace/thirdparty/vcpkg/downloads/tools/cmake-4.3.3-linux/cmake-4.3.3-linux-x86_64/share/cmake-4.3/Modules/CheckCSourceCompiles.cmake /home/runner/workspace/thirdparty/vcpkg/downloads/tools/cmake-4.3.3-linux/cmake-4.3.3-linux-x86_64/share/cmake-4.3/Modules/Compiler/ADSP-DetermineCompiler.cmake /home/runner/workspace/thirdparty/vcpkg/downloads/tools/cmake-4.3.3-linux/cmake-4.3.3-linux-x86_64/share/cmake-4.3/Modules/Compiler/ARMCC-DetermineCompiler.cmake /home/runner/workspace/thirdparty/vcpkg/downloads/tools/cmake-4.3.3-linux/cmake-4.3.3-linux-x86_64/share/cmake-4.3/Modules/Compiler/ARMClang-DetermineCompiler.cmake /home/runner/workspace/thirdparty/vcpkg/downloads/tools/cmake-4.3.3-linux/cmake-4.3.3-linux-x86_64/share/cmake-4.3/Modules/Compiler/AppleClang-DetermineCompiler.cmake /home/runner/workspace/thirdparty/vcpkg/downloads/tools/cmake-4.3.3-linux/cmake-4.3.3-linux-x86_64/share/cmake-4.3/Modules/Compiler/Borland-DetermineCompiler.cmake /home/runner/workspace/thirdparty/vcpkg/downloads/tools/cmake-4.3.3-linux/cmake-4.3.3-linux-x86_64/share/cmake-4.3/Modules/Compiler/Bruce-C-DetermineCompiler.cmake /home/runner/workspace/thirdparty/vcpkg/downloads/tools/cmake-4.3.3-linux/cmake-4.3.3-linux-x86_64/share/cmake-4.3/Modules/Compiler/CMakeCommonCompilerMacros.cmake /home/runner/workspace/thirdparty/vcpkg/downloads/tools/cmake-4.3.3-linux/cmake-4.3.3-linux-x86_64/share/cmake-4.3/Modules/Compiler/Clang-ASM.cmake /home/runner/workspace/thirdparty/vcpkg/downloads/tools/cmake-4.3.3-linux/cmake-4.3.3-linux-x86_64/share/cmake-4.3/Modules/Compiler/Clang-C.cmake /home/runner/workspace/thirdparty/vcpkg/downloads/tools/cmake-4.3.3-linux/cmake-4.3.3-linux-x86_64/share/cmake-4.3/Modules/Compiler/Clang-DetermineCompiler.cmake /home/runner/workspace/thirdparty/vcpkg/downloads/tools/cmake-4.3.3-linux/cmake-4.3.3-linux-x86_64/share/cmake-4.3/Modules/Compiler/Clang-DetermineCompilerInternal.cmake /home/runner/workspace/thirdparty/vcpkg/downloads/tools/cmake-4.3.3-linux/cmake-4.3.3-linux-x86_64/share/cmake-4.3/Modules/Compiler/Clang-FindBinUtils.cmake /home/runner/workspace/thirdparty/vcpkg/downloads/tools/cmake-4.3.3-linux/cmake-4.3.3-linux-x86_64/share/cmake-4.3/Modules/Compiler/Clang.cmake /home/runner/workspace/thirdparty/vcpkg/downloads/tools/cmake-4.3.3-linux/cmake-4.3.3-linux-x86_64/share/cmake-4.3/Modules/Compiler/Compaq-C-DetermineCompiler.cmake /home/runner/workspace/thirdparty/vcpkg/downloads/tools/cmake-4.3.3-linux/cmake-4.3.3-linux-x86_64/share/cmake-4.3/Modules/Compiler/Cray-DetermineCompiler.cmake /home/runner/workspace/thirdparty/vcpkg/downloads/tools/cmake-4.3.3-linux/cmake-4.3.3-linux-x86_64/share/cmake-4.3/Modules/Compiler/CrayClang-DetermineCompiler.cmake /home/runner/workspace/thirdparty/vcpkg/downloads/tools/cmake-4.3.3-linux/cmake-4.3.3-linux-x86_64/share/cmake-4.3/Modules/Compiler/Diab-DetermineCompiler.cmake /home/runner/workspace/thirdparty/vcpkg/downloads/tools/cmake-4.3.3-linux/cmake-4.3.3-linux-x86_64/share/cmake-4.3/Modules/Compiler/Embarcadero-DetermineCompiler.cmake /home/runner/workspace/thirdparty/vcpkg/downloads/tools/cmake-4.3.3-linux/cmake-4.3.3-linux-x86_64/share/cmake-4.3/Modules/Compiler/Fujitsu-DetermineCompiler.cmake /home/runner/workspace/thirdparty/vcpkg/downloads/tools/cmake-4.3.3-linux/cmake-4.3.3-linux-x86_64/share/cmake-4.3/Modules/Compiler/FujitsuClang-DetermineCompiler.cmake /home/runner/workspace/thirdparty/vcpkg/downloads/tools/cmake-4.3.3-linux/cmake-4.3.3-linux-x86_64/share/cmake-4.3/Modules/Compiler/GHS-DetermineCompiler.cmake /home/runner/workspace/thirdparty/vcpkg/downloads/tools/cmake-4.3.3-linux/cmake-4.3.3-linux-x86_64/share/cmake-4.3/Modules/Compiler/GNU-C-DetermineCompiler.cmake /home/runner/workspace/thirdparty/vcpkg/downloads/tools/cmake-4.3.3-linux/cmake-4.3.3-linux-x86_64/share/cmake-4.3/Modules/Compiler/GNU.cmake /home/runner/workspace/thirdparty/vcpkg/downloads/tools/cmake-4.3.3-linux/cmake-4.3.3-linux-x86_64/share/cmake-4.3/Modules/Compiler/HP-C-DetermineCompiler.cmake /home/runner/workspace/thirdparty/vcpkg/downloads/tools/cmake-4.3.3-linux/cmake-4.3.3-linux-x86_64/share/cmake-4.3/Modules/Compiler/IAR-DetermineCompiler.cmake /home/runner/workspace/thirdparty/vcpkg/downloads/tools/cmake-4.3.3-linux/cmake-4.3.3-linux-x86_64/share/cmake-4.3/Modules/Compiler/IBMCPP-C-DetermineVersionInternal.cmake /home/runner/workspace/thirdparty/vcpkg/downloads/tools/cmake-4.3.3-linux/cmake-4.3.3-linux-x86_64/share/cmake-4.3/Modules/Compiler/IBMClang-C-DetermineCompiler.cmake /home/runner/workspace/thirdparty/vcpkg/downloads/tools/cmake-4.3.3-linux/cmake-4.3.3-linux-x86_64/share/cmake-4.3/Modules/Compiler/Intel-DetermineCompiler.cmake /home/runner/workspace/thirdparty/vcpkg/downloads/tools/cmake-4.3.3-linux/cmake-4.3.3-linux-x86_64/share/cmake-4.3/Modules/Compiler/IntelLLVM-DetermineCompiler.cmake /home/runner/workspace/thirdparty/vcpkg/downloads/tools/cmake-4.3.3-linux/cmake-4.3.3-linux-x86_64/share/cmake-4.3/Modules/Compiler/LCC-C-DetermineCompiler.cmake /home/runner/workspace/thirdparty/vcpkg/downloads/tools/cmake-4.3.3-linux/cmake-4.3.3-linux-x86_64/share/cmake-4.3/Modules/Compiler/MSVC-DetermineCompiler.cmake /home/runner/workspace/thirdparty/vcpkg/downloads/tools/cmake-4.3.3-linux/cmake-4.3.3-linux-x86_64/share/cmake-4.3/Modules/Compiler/NVHPC-DetermineCompiler.cmake /home/runner/workspace/thirdparty/vcpkg/downloads/tools/cmake-4.3.3-linux/cmake-4.3.3-linux-x86_64/share/cmake-4.3/Modules/Compiler/NVIDIA-DetermineCompiler.cmake /home/runner/workspace/thirdparty/vcpkg/downloads/tools/cmake-4.3.3-linux/cmake-4.3.3-linux-x86_64/share/cmake-4.3/Modules/Compiler/OpenWatcom-DetermineCompiler.cmake /home/runner/workspace/thirdparty/vcpkg/downloads/tools/cmake-4.3.3-linux/cmake-4.3.3-linux-x86_64/share/cmake-4.3/Modules/Compiler/OrangeC-DetermineCompiler.cmake /home/runner/workspace/thirdparty/vcpkg/downloads/tools/cmake-4.3.3-linux/cmake-4.3.3-linux-x86_64/share/cmake-4.3/Modules/Compiler/PGI-DetermineCompiler.cmake /home/runner/workspace/thirdparty/vcpkg/downloads/tools/cmake-4.3.3-linux/cmake-4.3.3-linux-x86_64/share/cmake-4.3/Modules/Compiler/PathScale-DetermineCompiler.cmake /home/runner/workspace/thirdparty/vcpkg/downloads/tools/cmake-4.3.3-linux/cmake-4.3.3-linux-x86_64/share/cmake-4.3/Modules/Compiler/Renesas-DetermineCompiler.cmake /home/runner/workspace/thirdparty/vcpkg/downloads/tools/cmake-4.3.3-linux/cmake-4.3.3-linux-x86_64/share/cmake-4.3/Modules/Compiler/SCO-DetermineCompiler.cmake /home/runner/workspace/thirdparty/vcpkg/downloads/tools/cmake-4.3.3-linux/cmake-4.3.3-linux-x86_64/share/cmake-4.3/Modules/Compiler/SDCC-C-DetermineCompiler.cmake /home/runner/workspace/thirdparty/vcpkg/downloads/tools/cmake-4.3.3-linux/cmake-4.3.3-linux-x86_64/share/cmake-4.3/Modules/Compiler/SunPro-C-DetermineCompiler.cmake /home/runner/workspace/thirdparty/vcpkg/downloads/tools/cmake-4.3.3-linux/cmake-4.3.3-linux-x86_64/share/cmake-4.3/Modules/Compiler/TI-DetermineCompiler.cmake /home/runner/workspace/thirdparty/vcpkg/downloads/tools/cmake-4.3.3-linux/cmake-4.3.3-linux-x86_64/share/cmake-4.3/Modules/Compiler/TIClang-DetermineCompiler.cmake /home/runner/workspace/thirdparty/vcpkg/downloads/tools/cmake-4.3.3-linux/cmake-4.3.3-linux-x86_64/share/cmake-4.3/Modules/Compiler/Tasking-DetermineCompiler.cmake /home/runner/workspace/thirdparty/vcpkg/downloads/tools/cmake-4.3.3-linux/cmake-4.3.3-linux-x86_64/share/cmake-4.3/Modules/Compiler/TinyCC-C-DetermineCompiler.cmake /home/runner/workspace/thirdparty/vcpkg/downloads/tools/cmake-4.3.3-linux/cmake-4.3.3-linux-x86_64/share/cmake-4.3/Modules/Compiler/VisualAge-C-DetermineCompiler.cmake /home/runner/workspace/thirdparty/vcpkg/downloads/tools/cmake-4.3.3-linux/cmake-4.3.3-linux-x86_64/share/cmake-4.3/Modules/Compiler/Watcom-DetermineCompiler.cmake /home/runner/workspace/thirdparty/vcpkg/downloads/tools/cmake-4.3.3-linux/cmake-4.3.3-linux-x86_64/share/cmake-4.3/Modules/Compiler/XL-C-DetermineCompiler.cmake /home/runner/workspace/thirdparty/vcpkg/downloads/tools/cmake-4.3.3-linux/cmake-4.3.3-linux-x86_64/share/cmake-4.3/Modules/Compiler/XLClang-C-DetermineCompiler.cmake /home/runner/workspace/thirdparty/vcpkg/downloads/tools/cmake-4.3.3-linux/cmake-4.3.3-linux-x86_64/share/cmake-4.3/Modules/Compiler/zOS-C-DetermineCompiler.cmake /home/runner/workspace/thirdparty/vcpkg/downloads/tools/cmake-4.3.3-linux/cmake-4.3.3-linux-x86_64/share/cmake-4.3/Modules/FindPackageHandleStandardArgs.cmake /home/runner/workspace/thirdparty/vcpkg/downloads/tools/cmake-4.3.3-linux/cmake-4.3.3-linux-x86_64/share/cmake-4.3/Modules/FindPackageMessage.cmake /home/runner/workspace/thirdparty/vcpkg/downloads/tools/cmake-4.3.3-linux/cmake-4.3.3-linux-x86_64/share/cmake-4.3/Modules/FindZLIB.cmake /home/runner/workspace/thirdparty/vcpkg/downloads/tools/cmake-4.3.3-linux/cmake-4.3.3-linux-x86_64/share/cmake-4.3/Modules/GNUInstallDirs.cmake /home/runner/workspace/thirdparty/vcpkg/downloads/tools/cmake-4.3.3-linux/cmake-4.3.3-linux-x86_64/share/cmake-4.3/Modules/Internal/CMakeASMLinkerInformation.cmake /home/runner/workspace/thirdparty/vcpkg/downloads/tools/cmake-4.3.3-linux/cmake-4.3.3-linux-x86_64/share/cmake-4.3/Modules/Internal/CMakeCLinkerInformation.cmake /home/runner/workspace/thirdparty/vcpkg/downloads/tools/cmake-4.3.3-linux/cmake-4.3.3-linux-x86_64/share/cmake-4.3/Modules/Internal/CMakeCommonLinkerInformation.cmake /home/runner/workspace/thirdparty/vcpkg/downloads/tools/cmake-4.3.3-linux/cmake-4.3.3-linux-x86_64/share/cmake-4.3/Modules/Internal/CMakeDetermineLinkerId.cmake /home/runner/workspace/thirdparty/vcpkg/downloads/tools/cmake-4.3.3-linux/cmake-4.3.3-linux-x86_64/share/cmake-4.3/Modules/Internal/CMakeInspectASMLinker.cmake /home/runner/workspace/thirdparty/vcpkg/downloads/tools/cmake-4.3.3-linux/cmake-4.3.3-linux-x86_64/share/cmake-4.3/Modules/Internal/CMakeInspectCLinker.cmake /home/runner/workspace/thirdparty/vcpkg/downloads/tools/cmake-4.3.3-linux/cmake-4.3.3-linux-x86_64/share/cmake-4.3/Modules/Internal/CheckSourceCompiles.cmake /home/runner/workspace/thirdparty/vcpkg/downloads/tools/cmake-4.3.3-linux/cmake-4.3.3-linux-x86_64/share/cmake-4.3/Modules/Internal/FeatureTesting.cmake /home/runner/workspace/thirdparty/vcpkg/downloads/tools/cmake-4.3.3-linux/cmake-4.3.3-linux-x86_64/share/cmake-4.3/Modules/Linker/GNU.cmake /home/runner/workspace/thirdparty/vcpkg/downloads/tools/cmake-4.3.3-linux/cmake-4.3.3-linux-x86_64/share/cmake-4.3/Modules/Linker/LLD-C.cmake /home/runner/workspace/thirdparty/vcpkg/downloads/tools/cmake-4.3.3-linux/cmake-4.3.3-linux-x86_64/share/cmake-4.3/Modules/Linker/LLD.cmake /home/runner/workspace/thirdparty/vcpkg/downloads/tools/cmake-4.3.3-linux/cmake-4.3.3-linux-x86_64/share/cmake-4.3/Modules/Platform/Android-Clang-ASM.cmake /home/runner/workspace/thirdparty/vcpkg/downloads/tools/cmake-4.3.3-linux/cmake-4.3.3-linux-x86_64/share/cmake-4.3/Modules/Platform/Android-Clang-C.cmake /home/runner/workspace/thirdparty/vcpkg/downloads/tools/cmake-4.3.3-linux/cmake-4.3.3-linux-x86_64/share/cmake-4.3/Modules/Platform/Android-Clang.cmake /home/runner/workspace/thirdparty/vcpkg/downloads/tools/cmake-4.3.3-linux/cmake-4.3.3-linux-x86_64/share/cmake-4.3/Modules/Platform/Android-Determine-C.cmake /home/runner/workspace/thirdparty/vcpkg/downloads/tools/cmake-4.3.3-linux/cmake-4.3.3-linux-x86_64/share/cmake-4.3/Modules/Platform/Android-Determine.cmake /home/runner/workspace/thirdparty/vcpkg/downloads/tools/cmake-4.3.3-linux/cmake-4.3.3-linux-x86_64/share/cmake-4.3/Modules/Platform/Android-Initialize.cmake /home/runner/workspace/thirdparty/vcpkg/downloads/tools/cmake-4.3.3-linux/cmake-4.3.3-linux-x86_64/share/cmake-4.3/Modules/Platform/Android.cmake /home/runner/workspace/thirdparty/vcpkg/downloads/tools/cmake-4.3.3-linux/cmake-4.3.3-linux-x86_64/share/cmake-4.3/Modules/Platform/Linker/Android-ASM.cmake /home/runner/workspace/thirdparty/vcpkg/downloads/tools/cmake-4.3.3-linux/cmake-4.3.3-linux-x86_64/share/cmake-4.3/Modules/Platform/Linker/Android-GNU-ASM.cmake /home/runner/workspace/thirdparty/vcpkg/downloads/tools/cmake-4.3.3-linux/cmake-4.3.3-linux-x86_64/share/cmake-4.3/Modules/Platform/Linker/Android-LLD-C.cmake /home/runner/workspace/thirdparty/vcpkg/downloads/tools/cmake-4.3.3-linux/cmake-4.3.3-linux-x86_64/share/cmake-4.3/Modules/Platform/Linker/GNU.cmake /home/runner/workspace/thirdparty/vcpkg/downloads/tools/cmake-4.3.3-linux/cmake-4.3.3-linux-x86_64/share/cmake-4.3/Modules/Platform/Linker/Linux-GNU-ASM.cmake /home/runner/workspace/thirdparty/vcpkg/downloads/tools/cmake-4.3.3-linux/cmake-4.3.3-linux-x86_64/share/cmake-4.3/Modules/Platform/Linker/Linux-GNU.cmake /home/runner/workspace/thirdparty/vcpkg/downloads/tools/cmake-4.3.3-linux/cmake-4.3.3-linux-x86_64/share/cmake-4.3/Modules/Platform/Linker/Linux-LLD-C.cmake /home/runner/workspace/thirdparty/vcpkg/downloads/tools/cmake-4.3.3-linux/cmake-4.3.3-linux-x86_64/share/cmake-4.3/Modules/Platform/Linker/Linux-LLD.cmake /home/runner/workspace/thirdparty/vcpkg/downloads/tools/cmake-4.3.3-linux/cmake-4.3.3-linux-x86_64/share/cmake-4.3/Modules/Platform/Linux-Initialize.cmake /home/runner/workspace/thirdparty/vcpkg/downloads/tools/cmake-4.3.3-linux/cmake-4.3.3-linux-x86_64/share/cmake-4.3/Modules/Platform/Linux.cmake /home/runner/workspace/thirdparty/vcpkg/downloads/tools/cmake-4.3.3-linux/cmake-4.3.3-linux-x86_64/share/cmake-4.3/Modules/Platform/UnixPaths.cmake /home/runner/workspace/thirdparty/vcpkg/downloads/tools/cmake-4.3.3-linux/cmake-4.3.3-linux-x86_64/share/cmake-4.3/Modules/SelectLibraryConfigurations.cmake /home/runner/workspace/thirdparty/vcpkg/downloads/tools/cmake-4.3.3-linux/cmake-4.3.3-linux-x86_64/share/cmake-4.3/Modules/WriteBasicConfigVersionFile.cmake /home/runner/workspace/thirdparty/vcpkg/scripts/buildsystems/vcpkg.cmake /home/runner/workspace/thirdparty/vcpkg/scripts/toolchains/android.cmake CMakeCache.txt CMakeFiles/4.3.3/CMakeASMCompiler.cmake CMakeFiles/4.3.3/CMakeCCompiler.cmake CMakeFiles/4.3.3/CMakeSystem.cmake: phony


#############################################
# Clean all the built files.

build clean: CLEAN


#############################################
# Print all primary targets available.

build help: HELP


#############################################
# Make the all target the default.

default all
